#options: 1920x1080 fps=30/1 timebase=1/30 bitdepth=8 cabac=1 ref=1 deblock=1:0:0 analyse=0x1:0 me=dia subme=2 psy=1 psy_rd=1.00:0.00 mixed_ref=0 me_range=16 chroma_me=1 trellis=0 8x8dct=0 cqm=0 deadzone=21,11 fast_pskip=1 chroma_qp_offset=0 threads=24 lookahead_threads=8 sliced_threads=0 nr=0 decimate=1 interlaced=0 bluray_compat=0 constrained_intra=0 bframes=3 b_pyramid=2 b_adapt=1 b_bias=0 direct=1 weightb=1 open_gop=0 weightp=2 keyint=250 keyint_min=25 scenecut=40 intra_refresh=0 rc_lookahead=40 rc=abr mbtree=1 bitrate=2285 ratetol=1.0 qcomp=0.60 qpmin=0 qpmax=69 qpstep=4 ip_ratio=1.40 aq=1:1.00
in:0 out:0 type:I dur:2 cpbdur:2 q:32.36 aq:19.14 tex:66984 mv:43386 misc:278 imb:8160 pmb:0 smb:0 d:- ref:;
in:2 out:1 type:P dur:2 cpbdur:2 q:32.52 aq:19.89 tex:14460 mv:14071 misc:4701 imb:949 pmb:924 smb:6287 d:- ref:0 ;
in:1 out:2 type:b dur:2 cpbdur:2 q:32.52 aq:22.14 tex:3053 mv:1562 misc:1929 imb:71 pmb:286 smb:7803 d:- ref:0 ;
in:6 out:3 type:P dur:2 cpbdur:2 q:32.41 aq:21.19 tex:46794 mv:28217 misc:3093 imb:2620 pmb:1028 smb:4512 d:- ref:0 ;
in:4 out:4 type:B dur:2 cpbdur:2 q:32.46 aq:22.02 tex:22998 mv:23379 misc:4719 imb:745 pmb:1778 smb:5637 d:- ref:0 ;
in:3 out:5 type:b dur:2 cpbdur:2 q:32.49 aq:22.04 tex:11473 mv:15261 misc:4698 imb:356 pmb:1393 smb:6411 d:- ref:0 ;
in:5 out:6 type:b dur:2 cpbdur:2 q:32.43 aq:24.39 tex:24184 mv:20419 misc:3733 imb:529 pmb:1469 smb:6162 d:- ref:0 ;
in:10 out:7 type:P dur:2 cpbdur:2 q:32.12 aq:20.38 tex:74870 mv:29406 misc:1836 imb:3552 pmb:622 smb:3986 d:- ref:0 ;
in:8 out:8 type:B dur:2 cpbdur:2 q:32.26 aq:22.09 tex:17536 mv:15913 misc:4687 imb:422 pmb:1408 smb:6330 d:- ref:0 ;
in:7 out:9 type:b dur:2 cpbdur:2 q:32.34 aq:23.24 tex:21970 mv:21398 misc:4792 imb:718 pmb:1578 smb:5864 d:- ref:0 ;
in:9 out:10 type:b dur:2 cpbdur:2 q:32.19 aq:24.68 tex:10032 mv:10569 misc:4047 imb:244 pmb:1006 smb:6910 d:- ref:0 ;
in:14 out:11 type:P dur:2 cpbdur:2 q:31.89 aq:21.09 tex:96506 mv:32881 misc:1893 imb:3457 pmb:786 smb:3917 d:- ref:0 ;
in:12 out:12 type:B dur:2 cpbdur:2 q:32.01 aq:22.26 tex:31460 mv:26235 misc:4809 imb:991 pmb:1704 smb:5465 d:- ref:0 ;
in:11 out:13 type:b dur:2 cpbdur:2 q:32.07 aq:23.16 tex:15447 mv:13901 misc:4548 imb:278 pmb:1509 smb:6373 d:- ref:0 ;
in:13 out:14 type:b dur:2 cpbdur:2 q:31.95 aq:26.31 tex:21133 mv:20837 misc:4382 imb:662 pmb:1385 smb:6113 d:- ref:0 ;
in:18 out:15 type:P dur:2 cpbdur:2 q:31.72 aq:21.97 tex:52240 mv:31095 misc:2937 imb:2660 pmb:1228 smb:4272 d:- ref:0 ;
in:16 out:16 type:B dur:2 cpbdur:2 q:31.81 aq:21.12 tex:18997 mv:20722 misc:5265 imb:504 pmb:1761 smb:5895 d:- ref:0 ;
in:15 out:17 type:b dur:2 cpbdur:2 q:31.85 aq:19.93 tex:2065 mv:2059 misc:2972 imb:24 pmb:707 smb:7429 d:- ref:0 ;
in:17 out:18 type:b dur:2 cpbdur:2 q:31.76 aq:21.07 tex:1384 mv:1341 misc:1827 imb:20 pmb:350 smb:7790 d:- ref:0 ;
in:20 out:19 type:P dur:2 cpbdur:2 q:31.48 aq:22.46 tex:53574 mv:33092 misc:2686 imb:2551 pmb:1315 smb:4294 d:- ref:0 ;
in:19 out:20 type:b dur:2 cpbdur:2 q:31.60 aq:21.61 tex:1029 mv:666 misc:1377 imb:4 pmb:230 smb:7926 d:- ref:0 ;
in:24 out:21 type:P dur:2 cpbdur:2 q:31.47 aq:20.87 tex:65586 mv:35263 misc:2087 imb:2698 pmb:1527 smb:3935 d:- ref:0 ;
in:22 out:22 type:B dur:2 cpbdur:2 q:31.47 aq:21.87 tex:29357 mv:30472 misc:4859 imb:943 pmb:2149 smb:5068 d:- ref:0 ;
in:21 out:23 type:b dur:2 cpbdur:2 q:31.48 aq:21.72 tex:2154 mv:1494 misc:1840 imb:27 pmb:367 smb:7766 d:- ref:0 ;
in:23 out:24 type:b dur:2 cpbdur:2 q:31.47 aq:22.36 tex:11775 mv:18851 misc:4934 imb:619 pmb:1409 smb:6132 d:- ref:0 ;
in:28 out:25 type:P dur:2 cpbdur:2 q:30.85 aq:22.98 tex:54549 mv:31539 misc:2560 imb:2814 pmb:1282 smb:4064 d:- ref:0 ;
in:26 out:26 type:B dur:2 cpbdur:2 q:31.16 aq:22.77 tex:25265 mv:26523 misc:4772 imb:956 pmb:1681 smb:5523 d:- ref:0 ;
in:25 out:27 type:b dur:2 cpbdur:2 q:31.31 aq:21.94 tex:982 mv:828 misc:1518 imb:15 pmb:265 smb:7880 d:- ref:0 ;
in:27 out:28 type:b dur:2 cpbdur:2 q:31.01 aq:22.49 tex:1657 mv:1062 misc:1697 imb:14 pmb:300 smb:7846 d:- ref:0 ;
in:32 out:29 type:P dur:2 cpbdur:2 q:28.09 aq:21.71 tex:103174 mv:35492 misc:1270 imb:3870 pmb:868 smb:3422 d:- ref:0 ;
in:30 out:30 type:B dur:2 cpbdur:2 q:29.47 aq:21.39 tex:31042 mv:28042 misc:4836 imb:713 pmb:2115 smb:5332 d:- ref:0 ;
in:29 out:31 type:b dur:2 cpbdur:2 q:30.16 aq:23.23 tex:13379 mv:17054 misc:4775 imb:509 pmb:1307 smb:6344 d:- ref:0 ;
in:31 out:32 type:b dur:2 cpbdur:2 q:28.78 aq:22.70 tex:5555 mv:4964 misc:3809 imb:71 pmb:918 smb:7171 d:- ref:0 ;
in:34 out:33 type:P dur:2 cpbdur:2 q:28.38 aq:17.70 tex:110090 mv:38189 misc:1153 imb:5179 pmb:778 smb:2203 d:- ref:0 ;
in:33 out:34 type:b dur:2 cpbdur:2 q:28.23 aq:20.77 tex:5310 mv:2329 misc:2529 imb:106 pmb:436 smb:7618 d:- ref:0 ;
in:38 out:35 type:P dur:2 cpbdur:2 q:28.95 aq:17.73 tex:150554 mv:37845 misc:1025 imb:5078 pmb:699 smb:2383 d:- ref:0 ;
in:36 out:36 type:B dur:2 cpbdur:2 q:28.66 aq:19.70 tex:34359 mv:26849 misc:5176 imb:764 pmb:2092 smb:5304 d:- ref:0 ;
in:35 out:37 type:b dur:2 cpbdur:2 q:28.52 aq:20.55 tex:45413 mv:39037 misc:4214 imb:1442 pmb:2122 smb:4596 d:- ref:0 ;
in:37 out:38 type:b dur:2 cpbdur:2 q:28.80 aq:20.49 tex:2400 mv:1425 misc:1935 imb:26 pmb:342 smb:7792 d:- ref:0 ;
in:42 out:39 type:P dur:2 cpbdur:2 q:28.98 aq:17.94 tex:81223 mv:37835 misc:2614 imb:2312 pmb:2095 smb:3753 d:- ref:0 ;
in:40 out:40 type:B dur:2 cpbdur:2 q:28.96 aq:19.56 tex:16579 mv:21366 misc:5359 imb:340 pmb:1886 smb:5934 d:- ref:0 ;
in:39 out:41 type:b dur:2 cpbdur:2 q:28.95 aq:20.75 tex:8537 mv:9297 misc:4702 imb:153 pmb:1297 smb:6710 d:- ref:0 ;
in:41 out:42 type:b dur:2 cpbdur:2 q:28.97 aq:21.09 tex:11998 mv:15429 misc:5221 imb:240 pmb:1643 smb:6277 d:- ref:0 ;
in:46 out:43 type:P dur:2 cpbdur:2 q:28.16 aq:18.71 tex:81436 mv:37381 misc:1767 imb:2622 pmb:1991 smb:3547 d:- ref:0 w:7,125,0,6,64,0,69,-10 ;
in:44 out:44 type:B dur:2 cpbdur:2 q:28.57 aq:20.57 tex:15352 mv:19481 misc:5327 imb:430 pmb:1761 smb:5969 d:- ref:0 ;
in:43 out:45 type:b dur:2 cpbdur:2 q:28.77 aq:19.90 tex:1957 mv:2365 misc:2542 imb:36 pmb:569 smb:7555 d:- ref:0 ;
in:45 out:46 type:b dur:2 cpbdur:2 q:28.36 aq:22.11 tex:2617 mv:4094 misc:3665 imb:13 pmb:963 smb:7184 d:- ref:0 ;
in:49 out:47 type:P dur:2 cpbdur:2 q:27.61 aq:18.94 tex:105258 mv:37248 misc:1278 imb:3093 pmb:1544 smb:3523 d:- ref:0 w:5,31,0,6,66,-4,71,-14 ;
in:47 out:48 type:B dur:2 cpbdur:2 q:27.98 aq:19.47 tex:30245 mv:27587 misc:5024 imb:696 pmb:2097 smb:5367 d:- ref:0 ;
in:48 out:49 type:b dur:2 cpbdur:2 q:27.79 aq:19.70 tex:3329 mv:2064 misc:2663 imb:15 pmb:568 smb:7577 d:- ref:0 ;
in:52 out:50 type:P dur:2 cpbdur:2 q:27.71 aq:15.62 tex:134372 mv:39203 misc:993 imb:5294 pmb:845 smb:2021 d:- ref:0 ;
in:50 out:51 type:B dur:2 cpbdur:2 q:27.64 aq:18.91 tex:30536 mv:27161 misc:5087 imb:822 pmb:1949 smb:5389 d:- ref:0 ;
in:51 out:52 type:b dur:2 cpbdur:2 q:27.68 aq:18.80 tex:3216 mv:2067 misc:2621 imb:15 pmb:583 smb:7562 d:- ref:0 ;
in:56 out:53 type:P dur:2 cpbdur:2 q:27.41 aq:17.55 tex:126340 mv:35573 misc:2103 imb:3064 pmb:1163 smb:3933 d:- ref:0 ;
in:54 out:54 type:B dur:2 cpbdur:2 q:27.56 aq:18.41 tex:35969 mv:27111 misc:5048 imb:579 pmb:2453 smb:5128 d:- ref:0 ;
in:53 out:55 type:b dur:2 cpbdur:2 q:27.64 aq:19.49 tex:23037 mv:25107 misc:5232 imb:504 pmb:2171 smb:5485 d:- ref:0 ;
in:55 out:56 type:b dur:2 cpbdur:2 q:27.49 aq:18.92 tex:17850 mv:14276 misc:5466 imb:312 pmb:1791 smb:6057 d:- ref:0 ;
in:60 out:57 type:P dur:2 cpbdur:2 q:27.25 aq:17.31 tex:120046 mv:37727 misc:1227 imb:3895 pmb:1102 smb:3163 d:- ref:0 ;
in:58 out:58 type:B dur:2 cpbdur:2 q:27.33 aq:17.04 tex:53745 mv:36854 misc:4185 imb:963 pmb:2802 smb:4395 d:- ref:0 ;
in:57 out:59 type:b dur:2 cpbdur:2 q:27.37 aq:18.06 tex:4216 mv:2272 misc:2728 imb:21 pmb:730 smb:7409 d:- ref:0 ;
in:59 out:60 type:b dur:2 cpbdur:2 q:27.29 aq:19.96 tex:23796 mv:24260 misc:5160 imb:407 pmb:2192 smb:5561 d:- ref:0 ;
in:62 out:61 type:P dur:2 cpbdur:2 q:27.41 aq:18.98 tex:95832 mv:33144 misc:2304 imb:2805 pmb:1111 smb:4244 d:- ref:0 ;
in:61 out:62 type:b dur:2 cpbdur:2 q:27.33 aq:19.12 tex:2686 mv:1599 misc:2371 imb:9 pmb:532 smb:7619 d:- ref:0 ;
in:65 out:63 type:P dur:2 cpbdur:2 q:27.26 aq:18.98 tex:116489 mv:37040 misc:1183 imb:4179 pmb:794 smb:3187 d:- ref:0 ;
in:63 out:64 type:B dur:2 cpbdur:2 q:27.36 aq:19.21 tex:79760 mv:47300 misc:3156 imb:1477 pmb:2611 smb:4072 d:- ref:0 ;
in:64 out:65 type:b dur:2 cpbdur:2 q:27.31 aq:19.88 tex:6243 mv:2813 misc:3144 imb:50 pmb:717 smb:7393 d:- ref:0 ;
in:67 out:66 type:P dur:2 cpbdur:2 q:26.92 aq:19.01 tex:108439 mv:38095 misc:1810 imb:3122 pmb:1335 smb:3703 d:- ref:0 ;
in:66 out:67 type:b dur:2 cpbdur:2 q:27.09 aq:20.10 tex:5074 mv:1662 misc:2776 imb:17 pmb:627 smb:7516 d:- ref:0 ;
in:68 out:68 type:P dur:2 cpbdur:2 q:26.99 aq:18.67 tex:96013 mv:36577 misc:1738 imb:3032 pmb:1186 smb:3942 d:- ref:0 ;
in:69 out:69 type:I dur:2 cpbdur:2 q:25.17 aq:13.49 tex:127767 mv:77824 misc:305 imb:8160 pmb:0 smb:0 d:- ref:;
in:71 out:70 type:P dur:2 cpbdur:2 q:27.05 aq:20.85 tex:78251 mv:32697 misc:2348 imb:3057 pmb:1102 smb:4001 d:- ref:0 ;
in:70 out:71 type:b dur:2 cpbdur:2 q:27.05 aq:18.61 tex:5042 mv:1930 misc:2636 imb:18 pmb:605 smb:7537 d:- ref:0 ;
in:73 out:72 type:P dur:2 cpbdur:2 q:27.20 aq:20.61 tex:103466 mv:33987 misc:1107 imb:4355 pmb:556 smb:3249 d:- ref:0 ;
in:72 out:73 type:b dur:2 cpbdur:2 q:27.13 aq:19.56 tex:6503 mv:3237 misc:3140 imb:73 pmb:683 smb:7404 d:- ref:0 ;
in:74 out:74 type:P dur:2 cpbdur:2 q:27.26 aq:20.13 tex:91407 mv:37703 misc:1698 imb:3021 pmb:1229 smb:3910 d:- ref:0 ;
in:77 out:75 type:P dur:2 cpbdur:2 q:27.32 aq:21.68 tex:111879 mv:36817 misc:1072 imb:4099 pmb:735 smb:3326 d:- ref:0 ;
in:75 out:76 type:B dur:2 cpbdur:2 q:27.28 aq:19.82 tex:73196 mv:42626 misc:3786 imb:1095 pmb:2622 smb:4443 d:- ref:0 ;
in:76 out:77 type:b dur:2 cpbdur:2 q:27.30 aq:19.91 tex:6010 mv:2939 misc:2915 imb:57 pmb:605 smb:7498 d:- ref:0 ;
in:79 out:78 type:P dur:2 cpbdur:2 q:27.32 aq:19.05 tex:108445 mv:36897 misc:1194 imb:4706 pmb:676 smb:2778 d:- ref:0 ;
in:78 out:79 type:b dur:2 cpbdur:2 q:27.32 aq:20.51 tex:5322 mv:2349 misc:2929 imb:43 pmb:570 smb:7547 d:- ref:0 ;
in:80 out:80 type:P dur:2 cpbdur:2 q:27.28 aq:19.98 tex:116420 mv:35794 misc:1922 imb:3392 pmb:993 smb:3775 d:- ref:0 ;
in:84 out:81 type:P dur:2 cpbdur:2 q:27.50 aq:19.25 tex:126887 mv:42069 misc:1396 imb:3175 pmb:1482 smb:3503 d:- ref:0 ;
in:82 out:82 type:B dur:2 cpbdur:2 q:27.39 aq:19.27 tex:105383 mv:48214 misc:3211 imb:1468 pmb:2539 smb:4153 d:- ref:0 ;
in:81 out:83 type:b dur:2 cpbdur:2 q:27.34 aq:19.56 tex:6768 mv:3825 misc:3575 imb:78 pmb:803 smb:7279 d:- ref:0 ;
in:83 out:84 type:b dur:2 cpbdur:2 q:27.45 aq:20.30 tex:38905 mv:33418 misc:4909 imb:812 pmb:2276 smb:5072 d:- ref:0 ;
in:86 out:85 type:P dur:2 cpbdur:2 q:27.51 aq:20.75 tex:71295 mv:34760 misc:3065 imb:2620 pmb:1408 smb:4132 d:- ref:0 ;
in:85 out:86 type:b dur:2 cpbdur:2 q:27.51 aq:19.76 tex:2921 mv:1341 misc:2050 imb:6 pmb:427 smb:7727 d:- ref:0 ;
in:88 out:87 type:P dur:2 cpbdur:2 q:27.51 aq:19.76 tex:87277 mv:38508 misc:2543 imb:2717 pmb:1505 smb:3938 d:- ref:0 ;
in:87 out:88 type:b dur:2 cpbdur:2 q:27.51 aq:19.53 tex:6780 mv:3556 misc:3464 imb:61 pmb:823 smb:7276 d:- ref:0 ;
in:92 out:89 type:P dur:2 cpbdur:2 q:27.58 aq:21.49 tex:119247 mv:40053 misc:1220 imb:3608 pmb:1080 smb:3472 d:- ref:0 ;
in:90 out:90 type:B dur:2 cpbdur:2 q:27.54 aq:19.76 tex:56216 mv:38351 misc:4497 imb:1034 pmb:2504 smb:4622 d:- ref:0 ;
in:89 out:91 type:b dur:2 cpbdur:2 q:27.53 aq:21.28 tex:48257 mv:40655 misc:4256 imb:1188 pmb:2385 smb:4587 d:- ref:0 ;
in:91 out:92 type:b dur:2 cpbdur:2 q:27.56 aq:19.40 tex:8708 mv:6378 misc:4490 imb:92 pmb:1204 smb:6864 d:- ref:0 ;
in:96 out:93 type:P dur:2 cpbdur:2 q:27.66 aq:16.41 tex:136337 mv:43380 misc:931 imb:4632 pmb:1263 smb:2265 d:- ref:0 ;
in:94 out:94 type:B dur:2 cpbdur:2 q:27.62 aq:18.67 tex:59320 mv:44786 misc:3814 imb:1285 pmb:2613 smb:4262 d:- ref:0 ;
in:93 out:95 type:b dur:2 cpbdur:2 q:27.60 aq:19.78 tex:5395 mv:2454 misc:2879 imb:51 pmb:566 smb:7543 d:- ref:0 ;
in:95 out:96 type:b dur:2 cpbdur:2 q:27.64 aq:20.18 tex:20705 mv:22654 misc:5489 imb:394 pmb:2073 smb:5693 d:- ref:0 ;
in:100 out:97 type:P dur:2 cpbdur:2 q:27.52 aq:17.32 tex:53939 mv:35843 misc:3482 imb:3129 pmb:1875 smb:3156 d:- ref:0 ;
in:98 out:98 type:B dur:2 cpbdur:2 q:27.59 aq:19.33 tex:14193 mv:17901 misc:5298 imb:314 pmb:1667 smb:6179 d:- ref:0 ;
in:97 out:99 type:b dur:2 cpbdur:2 q:27.63 aq:19.77 tex:2272 mv:1663 misc:2385 imb:13 pmb:484 smb:7663 d:- ref:0 ;
in:99 out:100 type:b dur:2 cpbdur:2 q:27.56 aq:19.77 tex:3013 mv:3047 misc:3140 imb:43 pmb:705 smb:7412 d:- ref:0 ;
in:104 out:101 type:P dur:2 cpbdur:2 q:27.64 aq:19.60 tex:99130 mv:39514 misc:1716 imb:3121 pmb:1457 smb:3582 d:- ref:0 ;
in:102 out:102 type:B dur:2 cpbdur:2 q:27.58 aq:18.24 tex:54751 mv:39547 misc:4198 imb:1289 pmb:2428 smb:4443 d:- ref:0 ;
in:101 out:103 type:b dur:2 cpbdur:2 q:27.55 aq:20.11 tex:35154 mv:30723 misc:5035 imb:983 pmb:1935 smb:5242 d:- ref:0 ;
in:103 out:104 type:b dur:2 cpbdur:2 q:27.61 aq:20.14 tex:4532 mv:4348 misc:3536 imb:61 pmb:820 smb:7279 d:- ref:0 ;
in:108 out:105 type:P dur:2 cpbdur:2 q:27.84 aq:18.08 tex:70625 mv:38105 misc:2446 imb:2309 pmb:2027 smb:3824 d:- ref:0 ;
in:106 out:106 type:B dur:2 cpbdur:2 q:27.74 aq:18.05 tex:35994 mv:30366 misc:4888 imb:684 pmb:2632 smb:4844 d:- ref:0 ;
in:105 out:107 type:b dur:2 cpbdur:2 q:27.69 aq:19.25 tex:2724 mv:2161 misc:2291 imb:42 pmb:489 smb:7629 d:- ref:0 ;
in:107 out:108 type:b dur:2 cpbdur:2 q:27.79 aq:20.00 tex:16224 mv:19029 misc:5267 imb:416 pmb:1798 smb:5946 d:- ref:0 ;
in:112 out:109 type:P dur:2 cpbdur:2 q:27.97 aq:17.53 tex:75870 mv:36779 misc:1951 imb:2970 pmb:1566 smb:3624 d:- ref:0 w:6,63,0,6,64,0,69,-10 ;
in:110 out:110 type:B dur:2 cpbdur:2 q:27.90 aq:19.96 tex:28182 mv:28220 misc:5270 imb:817 pmb:2015 smb:5328 d:- ref:0 ;
in:109 out:111 type:b dur:2 cpbdur:2 q:27.87 aq:20.81 tex:3446 mv:2211 misc:2319 imb:41 pmb:445 smb:7674 d:- ref:0 ;
in:111 out:112 type:b dur:2 cpbdur:2 q:27.94 aq:19.08 tex:3329 mv:1980 misc:2579 imb:37 pmb:526 smb:7597 d:- ref:0 ;
in:116 out:113 type:P dur:2 cpbdur:2 q:27.75 aq:18.09 tex:95673 mv:39559 misc:1328 imb:3063 pmb:1626 smb:3471 d:- ref:0 w:5,31,0,6,67,-6,73,-18 ;
in:114 out:114 type:B dur:2 cpbdur:2 q:27.86 aq:18.69 tex:47281 mv:38321 misc:3942 imb:1472 pmb:2455 smb:4233 d:- ref:0 ;
in:113 out:115 type:b dur:2 cpbdur:2 q:27.92 aq:20.17 tex:21091 mv:22829 misc:4840 imb:610 pmb:1729 smb:5821 d:- ref:0 ;
in:115 out:116 type:b dur:2 cpbdur:2 q:27.81 aq:20.36 tex:2956 mv:2955 misc:2769 imb:50 pmb:606 smb:7504 d:- ref:0 ;
in:119 out:117 type:P dur:2 cpbdur:2 q:27.85 aq:18.02 tex:105602 mv:38803 misc:1267 imb:3451 pmb:1335 smb:3374 d:- ref:0 w:6,63,0,6,66,-4,69,-10 ;
in:117 out:118 type:B dur:2 cpbdur:2 q:27.78 aq:17.84 tex:32422 mv:23686 misc:4732 imb:477 pmb:2007 smb:5676 d:- ref:0 ;
in:118 out:119 type:b dur:2 cpbdur:2 q:27.82 aq:20.38 tex:2069 mv:976 misc:1515 imb:13 pmb:230 smb:7917 d:- ref:0 ;
in:123 out:120 type:P dur:2 cpbdur:2 q:27.84 aq:17.78 tex:110294 mv:41680 misc:1690 imb:2855 pmb:1690 smb:3615 d:- ref:0 ;
in:121 out:121 type:B dur:2 cpbdur:2 q:27.85 aq:17.94 tex:45466 mv:33945 misc:4541 imb:834 pmb:2547 smb:4779 d:- ref:0 ;
in:120 out:122 type:b dur:2 cpbdur:2 q:27.85 aq:18.78 tex:4128 mv:2213 misc:2931 imb:24 pmb:618 smb:7518 d:- ref:0 ;
in:122 out:123 type:b dur:2 cpbdur:2 q:27.84 aq:20.36 tex:17760 mv:18579 misc:4677 imb:276 pmb:1747 smb:6137 d:- ref:0 ;
in:127 out:124 type:P dur:2 cpbdur:2 q:27.57 aq:17.95 tex:90577 mv:36657 misc:2462 imb:2683 pmb:1685 smb:3792 d:- ref:0 ;
in:125 out:125 type:B dur:2 cpbdur:2 q:27.71 aq:18.62 tex:21001 mv:22135 misc:5272 imb:380 pmb:2070 smb:5710 d:- ref:0 ;
in:124 out:126 type:b dur:2 cpbdur:2 q:27.77 aq:20.00 tex:6685 mv:4189 misc:3726 imb:40 pmb:1140 smb:6980 d:- ref:0 ;
in:126 out:127 type:b dur:2 cpbdur:2 q:27.64 aq:19.99 tex:2518 mv:2504 misc:2962 imb:24 pmb:664 smb:7472 d:- ref:0 ;
in:130 out:128 type:P dur:2 cpbdur:2 q:27.52 aq:16.71 tex:86781 mv:38955 misc:1848 imb:2893 pmb:1687 smb:3580 d:- ref:0 ;
in:128 out:129 type:B dur:2 cpbdur:2 q:27.55 aq:18.96 tex:22562 mv:22137 misc:5165 imb:442 pmb:2077 smb:5641 d:- ref:0 ;
in:129 out:130 type:b dur:2 cpbdur:2 q:27.53 aq:19.82 tex:3344 mv:1836 misc:2316 imb:13 pmb:525 smb:7622 d:- ref:0 ;
in:134 out:131 type:P dur:2 cpbdur:2 q:27.42 aq:17.38 tex:106219 mv:35104 misc:2389 imb:2477 pmb:1497 smb:4186 d:- ref:0 ;
in:132 out:132 type:B dur:2 cpbdur:2 q:27.47 aq:18.55 tex:49031 mv:34484 misc:4037 imb:693 pmb:2339 smb:5128 d:- ref:0 ;
in:131 out:133 type:b dur:2 cpbdur:2 q:27.49 aq:19.53 tex:25768 mv:25351 misc:4497 imb:458 pmb:1989 smb:5713 d:- ref:0 ;
in:133 out:134 type:b dur:2 cpbdur:2 q:27.44 aq:18.58 tex:3882 mv:2557 misc:2761 imb:39 pmb:618 smb:7503 d:- ref:0 ;
in:138 out:135 type:P dur:2 cpbdur:2 q:27.26 aq:16.69 tex:98977 mv:37203 misc:2492 imb:2260 pmb:1821 smb:4079 d:- ref:0 ;
in:136 out:136 type:B dur:2 cpbdur:2 q:27.34 aq:17.07 tex:43664 mv:29309 misc:4635 imb:516 pmb:2430 smb:5214 d:- ref:0 ;
in:135 out:137 type:b dur:2 cpbdur:2 q:27.38 aq:18.74 tex:3737 mv:2580 misc:2963 imb:24 pmb:721 smb:7415 d:- ref:0 ;
in:137 out:138 type:b dur:2 cpbdur:2 q:27.30 aq:18.65 tex:18630 mv:19212 misc:5006 imb:304 pmb:1864 smb:5992 d:- ref:0 ;
in:142 out:139 type:P dur:2 cpbdur:2 q:27.20 aq:15.69 tex:120975 mv:36356 misc:1661 imb:3409 pmb:1188 smb:3563 d:- ref:0 ;
in:140 out:140 type:B dur:2 cpbdur:2 q:27.23 aq:17.61 tex:31429 mv:27369 misc:5138 imb:686 pmb:2222 smb:5252 d:- ref:0 ;
in:139 out:141 type:b dur:2 cpbdur:2 q:27.25 aq:18.72 tex:4706 mv:2982 misc:3152 imb:31 pmb:765 smb:7364 d:- ref:0 ;
in:141 out:142 type:b dur:2 cpbdur:2 q:27.21 aq:17.52 tex:5284 mv:3258 misc:3474 imb:18 pmb:970 smb:7172 d:- ref:0 ;
in:146 out:143 type:P dur:2 cpbdur:2 q:27.01 aq:17.49 tex:71324 mv:35467 misc:2569 imb:2347 pmb:1876 smb:3937 d:- ref:0 ;
in:144 out:144 type:B dur:2 cpbdur:2 q:27.10 aq:17.84 tex:32355 mv:24139 misc:5210 imb:424 pmb:2429 smb:5307 d:- ref:0 ;
in:143 out:145 type:b dur:2 cpbdur:2 q:27.15 aq:18.58 tex:21917 mv:20404 misc:5215 imb:351 pmb:2189 smb:5620 d:- ref:0 ;
in:145 out:146 type:b dur:2 cpbdur:2 q:27.06 aq:19.26 tex:9182 mv:7738 misc:4320 imb:127 pmb:1161 smb:6872 d:- ref:0 ;
in:150 out:147 type:P dur:2 cpbdur:2 q:26.92 aq:13.20 tex:101546 mv:43731 misc:1091 imb:6053 pmb:2005 smb:102 d:- ref:0 w:6,65,0,6,64,0,61,5 ;
in:148 out:148 type:B dur:2 cpbdur:2 q:26.97 aq:18.19 tex:27796 mv:23732 misc:4864 imb:411 pmb:2108 smb:5641 d:- ref:0 ;
in:147 out:149 type:b dur:2 cpbdur:2 q:26.99 aq:18.48 tex:13058 mv:10655 misc:4871 imb:221 pmb:1490 smb:6449 d:- ref:0 ;
in:149 out:150 type:b dur:2 cpbdur:2 q:26.94 aq:18.36 tex:15392 mv:15728 misc:5080 imb:250 pmb:1746 smb:6164 d:- ref:0 ;
in:154 out:151 type:P dur:2 cpbdur:2 q:26.78 aq:15.80 tex:93330 mv:34691 misc:2979 imb:2225 pmb:2179 smb:3756 d:- ref:0 ;
in:152 out:152 type:B dur:2 cpbdur:2 q:26.85 aq:17.63 tex:31441 mv:22361 misc:5422 imb:316 pmb:2666 smb:5178 d:- ref:0 ;
in:151 out:153 type:b dur:2 cpbdur:2 q:26.89 aq:18.22 tex:19268 mv:11413 misc:5559 imb:127 pmb:2075 smb:5958 d:- ref:0 ;
in:153 out:154 type:b dur:2 cpbdur:2 q:26.81 aq:18.93 tex:10222 mv:6904 misc:4394 imb:103 pmb:1234 smb:6823 d:- ref:0 ;
in:158 out:155 type:P dur:2 cpbdur:2 q:26.76 aq:16.56 tex:82128 mv:31130 misc:3030 imb:1665 pmb:1973 smb:4522 d:- ref:0 ;
in:156 out:156 type:B dur:2 cpbdur:2 q:26.77 aq:17.80 tex:31433 mv:22168 misc:4879 imb:358 pmb:2181 smb:5621 d:- ref:0 ;
in:155 out:157 type:b dur:2 cpbdur:2 q:26.77 aq:19.10 tex:16453 mv:16600 misc:4995 imb:239 pmb:1857 smb:6064 d:- ref:0 ;
in:157 out:158 type:b dur:2 cpbdur:2 q:26.77 aq:19.62 tex:8337 mv:6705 misc:3950 imb:103 pmb:1060 smb:6997 d:- ref:0 ;
in:162 out:159 type:P dur:2 cpbdur:2 q:26.79 aq:16.56 tex:75606 mv:28748 misc:3166 imb:1213 pmb:1965 smb:4982 d:- ref:0 ;
in:160 out:160 type:B dur:2 cpbdur:2 q:26.78 aq:18.47 tex:28031 mv:20233 misc:4440 imb:326 pmb:1927 smb:5907 d:- ref:0 ;
in:159 out:161 type:b dur:2 cpbdur:2 q:26.77 aq:18.74 tex:3532 mv:2324 misc:2824 imb:25 pmb:591 smb:7544 d:- ref:0 ;
in:161 out:162 type:b dur:2 cpbdur:2 q:26.78 aq:19.74 tex:12058 mv:12866 misc:4228 imb:159 pmb:1314 smb:6687 d:- ref:0 ;
in:166 out:163 type:P dur:2 cpbdur:2 q:26.76 aq:16.73 tex:111682 mv:31766 misc:2736 imb:2188 pmb:1637 smb:4335 d:- ref:0 ;
in:164 out:164 type:B dur:2 cpbdur:2 q:26.78 aq:18.23 tex:15183 mv:16609 misc:5048 imb:225 pmb:1657 smb:6278 d:- ref:0 ;
in:163 out:165 type:b dur:2 cpbdur:2 q:26.78 aq:18.60 tex:3360 mv:2724 misc:3044 imb:21 pmb:731 smb:7408 d:- ref:0 ;
in:165 out:166 type:b dur:2 cpbdur:2 q:26.77 aq:18.26 tex:3469 mv:2710 misc:3109 imb:18 pmb:787 smb:7355 d:- ref:0 ;
in:170 out:167 type:P dur:2 cpbdur:2 q:26.55 aq:16.74 tex:82500 mv:28420 misc:3224 imb:1225 pmb:1906 smb:5029 d:- ref:0 ;
in:168 out:168 type:B dur:2 cpbdur:2 q:26.66 aq:17.88 tex:23015 mv:13833 misc:4280 imb:193 pmb:1670 smb:6297 d:- ref:0 ;
in:167 out:169 type:b dur:2 cpbdur:2 q:26.71 aq:18.73 tex:16788 mv:19640 misc:3916 imb:280 pmb:1813 smb:6067 d:- ref:0 ;
in:169 out:170 type:b dur:2 cpbdur:2 q:26.61 aq:18.94 tex:2585 mv:1568 misc:2591 imb:6 pmb:543 smb:7611 d:- ref:0 ;
in:174 out:171 type:P dur:2 cpbdur:2 q:26.50 aq:16.77 tex:96200 mv:32053 misc:2867 imb:1643 pmb:2000 smb:4517 d:- ref:0 ;
in:172 out:172 type:B dur:2 cpbdur:2 q:26.53 aq:17.66 tex:30617 mv:23764 misc:4715 imb:296 pmb:2265 smb:5599 d:- ref:0 ;
in:171 out:173 type:b dur:2 cpbdur:2 q:26.54 aq:17.97 tex:5096 mv:3346 misc:3382 imb:45 pmb:816 smb:7299 d:- ref:0 ;
in:173 out:174 type:b dur:2 cpbdur:2 q:26.52 aq:18.21 tex:12285 mv:14423 misc:4660 imb:181 pmb:1491 smb:6488 d:- ref:0 ;
in:178 out:175 type:P dur:2 cpbdur:2 q:26.44 aq:16.26 tex:60999 mv:27456 misc:3993 imb:1092 pmb:2140 smb:4928 d:- ref:0 ;
in:176 out:176 type:B dur:2 cpbdur:2 q:26.47 aq:18.80 tex:15477 mv:13868 misc:4935 imb:133 pmb:1737 smb:6290 d:- ref:0 ;
in:175 out:177 type:b dur:2 cpbdur:2 q:26.49 aq:17.28 tex:3561 mv:2965 misc:3642 imb:15 pmb:886 smb:7259 d:- ref:0 ;
in:177 out:178 type:b dur:2 cpbdur:2 q:26.45 aq:19.68 tex:10226 mv:7271 misc:4455 imb:90 pmb:1313 smb:6757 d:- ref:0 ;
in:182 out:179 type:P dur:2 cpbdur:2 q:26.31 aq:15.67 tex:108231 mv:33927 misc:2522 imb:1671 pmb:2029 smb:4460 d:- ref:0 ;
in:180 out:180 type:B dur:2 cpbdur:2 q:26.38 aq:17.94 tex:45639 mv:25686 misc:4243 imb:361 pmb:2556 smb:5243 d:- ref:0 ;
in:179 out:181 type:b dur:2 cpbdur:2 q:26.41 aq:19.30 tex:15883 mv:14804 misc:4785 imb:184 pmb:1768 smb:6208 d:- ref:0 ;
in:181 out:182 type:b dur:2 cpbdur:2 q:26.35 aq:18.59 tex:5807 mv:3943 misc:3770 imb:28 pmb:989 smb:7143 d:- ref:0 ;
in:186 out:183 type:P dur:2 cpbdur:2 q:26.20 aq:15.59 tex:97044 mv:31204 misc:2520 imb:1418 pmb:2000 smb:4742 d:- ref:0 ;
in:184 out:184 type:B dur:2 cpbdur:2 q:26.26 aq:17.92 tex:36190 mv:25123 misc:4295 imb:285 pmb:2363 smb:5512 d:- ref:0 ;
in:183 out:185 type:b dur:2 cpbdur:2 q:26.29 aq:17.82 tex:4011 mv:2588 misc:3049 imb:26 pmb:736 smb:7398 d:- ref:0 ;
in:185 out:186 type:b dur:2 cpbdur:2 q:26.23 aq:19.12 tex:15809 mv:16294 misc:4681 imb:208 pmb:1682 smb:6270 d:- ref:0 ;
in:190 out:187 type:P dur:2 cpbdur:2 q:26.14 aq:14.98 tex:100822 mv:34348 misc:2822 imb:1747 pmb:2119 smb:4294 d:- ref:0 ;
in:188 out:188 type:B dur:2 cpbdur:2 q:26.17 aq:17.56 tex:22142 mv:20263 misc:5251 imb:292 pmb:2073 smb:5795 d:- ref:0 ;
in:187 out:189 type:b dur:2 cpbdur:2 q:26.19 aq:18.11 tex:3579 mv:1382 misc:2079 imb:17 pmb:455 smb:7688 d:- ref:0 ;
in:189 out:190 type:b dur:2 cpbdur:2 q:26.15 aq:17.89 tex:12597 mv:12781 misc:4694 imb:127 pmb:1498 smb:6535 d:- ref:0 ;
in:194 out:191 type:P dur:2 cpbdur:2 q:25.95 aq:16.72 tex:90536 mv:36724 misc:2044 imb:2233 pmb:2268 smb:3659 d:- ref:0 ;
in:192 out:192 type:B dur:2 cpbdur:2 q:26.04 aq:16.12 tex:23542 mv:18570 misc:4920 imb:262 pmb:2070 smb:5828 d:- ref:0 ;
in:191 out:193 type:b dur:2 cpbdur:2 q:26.09 aq:17.65 tex:5461 mv:4447 misc:3932 imb:33 pmb:1004 smb:7123 d:- ref:0 ;
in:193 out:194 type:b dur:2 cpbdur:2 q:26.00 aq:17.41 tex:6432 mv:4726 misc:3818 imb:60 pmb:1031 smb:7069 d:- ref:0 ;
in:198 out:195 type:P dur:2 cpbdur:2 q:25.79 aq:15.62 tex:101879 mv:37902 misc:2139 imb:1975 pmb:2429 smb:3756 d:- ref:0 ;
in:196 out:196 type:B dur:2 cpbdur:2 q:25.87 aq:16.87 tex:29371 mv:19014 misc:5199 imb:183 pmb:2674 smb:5303 d:- ref:0 ;
in:195 out:197 type:b dur:2 cpbdur:2 q:25.91 aq:19.19 tex:11192 mv:12208 misc:4632 imb:98 pmb:1599 smb:6463 d:- ref:0 ;
in:197 out:198 type:b dur:2 cpbdur:2 q:25.83 aq:17.47 tex:8560 mv:4198 misc:4154 imb:36 pmb:1244 smb:6880 d:- ref:0 ;
in:202 out:199 type:P dur:2 cpbdur:2 q:25.64 aq:15.79 tex:95708 mv:33417 misc:3019 imb:1408 pmb:2491 smb:4261 d:- ref:0 ;
in:200 out:200 type:B dur:2 cpbdur:2 q:25.71 aq:16.69 tex:20163 mv:15873 misc:5476 imb:190 pmb:2070 smb:5900 d:- ref:0 ;
in:199 out:201 type:b dur:2 cpbdur:2 q:25.75 aq:17.45 tex:7688 mv:6512 misc:4728 imb:42 pmb:1413 smb:6705 d:- ref:0 ;
in:201 out:202 type:b dur:2 cpbdur:2 q:25.68 aq:17.52 tex:10629 mv:7383 misc:4908 imb:69 pmb:1425 smb:6666 d:- ref:0 ;
in:206 out:203 type:P dur:2 cpbdur:2 q:25.49 aq:15.30 tex:91089 mv:30519 misc:3200 imb:1117 pmb:2420 smb:4623 d:- ref:0 ;
in:204 out:204 type:B dur:2 cpbdur:2 q:25.57 aq:16.82 tex:20151 mv:13877 misc:5388 imb:135 pmb:2072 smb:5953 d:- ref:0 ;
in:203 out:205 type:b dur:2 cpbdur:2 q:25.60 aq:17.21 tex:2914 mv:1873 misc:2757 imb:8 pmb:660 smb:7492 d:- ref:0 ;
in:205 out:206 type:b dur:2 cpbdur:2 q:25.53 aq:17.66 tex:9849 mv:6425 misc:4206 imb:78 pmb:1106 smb:6976 d:- ref:0 ;
in:210 out:207 type:P dur:2 cpbdur:2 q:25.43 aq:14.86 tex:98728 mv:31893 misc:3115 imb:1279 pmb:2517 smb:4364 d:- ref:0 ;
in:208 out:208 type:B dur:2 cpbdur:2 q:25.46 aq:16.53 tex:29792 mv:18451 misc:5125 imb:145 pmb:2376 smb:5639 d:- ref:0 ;
in:207 out:209 type:b dur:2 cpbdur:2 q:25.48 aq:17.79 tex:7438 mv:4481 misc:4225 imb:32 pmb:1167 smb:6961 d:- ref:0 ;
in:209 out:210 type:b dur:2 cpbdur:2 q:25.44 aq:18.03 tex:12612 mv:11223 misc:4749 imb:104 pmb:1481 smb:6575 d:- ref:0 ;
in:214 out:211 type:P dur:2 cpbdur:2 q:25.34 aq:14.95 tex:87069 mv:28025 misc:2866 imb:907 pmb:2461 smb:4792 d:- ref:0 ;
in:212 out:212 type:B dur:2 cpbdur:2 q:25.38 aq:17.10 tex:26048 mv:18405 misc:4651 imb:151 pmb:2200 smb:5809 d:- ref:0 ;
in:211 out:213 type:b dur:2 cpbdur:2 q:25.41 aq:17.39 tex:6188 mv:3972 misc:3704 imb:33 pmb:934 smb:7193 d:- ref:0 ;
in:213 out:214 type:b dur:2 cpbdur:2 q:25.36 aq:18.68 tex:12107 mv:10988 misc:4457 imb:112 pmb:1392 smb:6656 d:- ref:0 ;
in:218 out:215 type:P dur:2 cpbdur:2 q:25.27 aq:15.02 tex:82189 mv:28097 misc:3578 imb:1152 pmb:2387 smb:4621 d:- ref:0 ;
in:216 out:216 type:B dur:2 cpbdur:2 q:25.30 aq:16.62 tex:18997 mv:13034 misc:5145 imb:136 pmb:1783 smb:6241 d:- ref:0 ;
in:215 out:217 type:b dur:2 cpbdur:2 q:25.32 aq:16.81 tex:8530 mv:4343 misc:4375 imb:21 pmb:1203 smb:6936 d:- ref:0 ;
in:217 out:218 type:b dur:2 cpbdur:2 q:25.28 aq:17.05 tex:10150 mv:7541 misc:4661 imb:86 pmb:1335 smb:6739 d:- ref:0 ;
in:222 out:219 type:P dur:2 cpbdur:2 q:25.13 aq:15.51 tex:105248 mv:33103 misc:2977 imb:1403 pmb:2486 smb:4271 d:- ref:0 ;
in:220 out:220 type:B dur:2 cpbdur:2 q:25.20 aq:15.96 tex:36434 mv:22599 misc:4831 imb:206 pmb:2636 smb:5318 d:- ref:0 ;
in:219 out:221 type:b dur:2 cpbdur:2 q:25.23 aq:17.92 tex:11451 mv:10094 misc:4535 imb:72 pmb:1458 smb:6630 d:- ref:0 ;
in:221 out:222 type:b dur:2 cpbdur:2 q:25.16 aq:17.35 tex:8840 mv:4213 misc:4035 imb:33 pmb:1136 smb:6991 d:- ref:0 ;
in:226 out:223 type:P dur:2 cpbdur:2 q:25.01 aq:13.02 tex:104957 mv:34936 misc:2811 imb:1804 pmb:2572 smb:3784 d:- ref:0 ;
in:224 out:224 type:B dur:2 cpbdur:2 q:25.07 aq:16.09 tex:36387 mv:21757 misc:5168 imb:236 pmb:2638 smb:5286 d:- ref:0 ;
in:223 out:225 type:b dur:2 cpbdur:2 q:25.10 aq:16.96 tex:15140 mv:9577 misc:5187 imb:117 pmb:1793 smb:6250 d:- ref:0 ;
in:225 out:226 type:b dur:2 cpbdur:2 q:25.04 aq:17.49 tex:15047 mv:12072 misc:4985 imb:111 pmb:1739 smb:6310 d:- ref:0 ;
in:230 out:227 type:P dur:2 cpbdur:2 q:24.89 aq:14.51 tex:73889 mv:24916 misc:3795 imb:834 pmb:2374 smb:4952 d:- ref:0 ;
in:228 out:228 type:B dur:2 cpbdur:2 q:24.95 aq:16.37 tex:18151 mv:10059 misc:4950 imb:69 pmb:1696 smb:6395 d:- ref:0 ;
in:227 out:229 type:b dur:2 cpbdur:2 q:24.98 aq:17.65 tex:9653 mv:7479 misc:4164 imb:43 pmb:1284 smb:6833 d:- ref:0 ;
in:229 out:230 type:b dur:2 cpbdur:2 q:24.92 aq:17.86 tex:9725 mv:6693 misc:4246 imb:40 pmb:1253 smb:6867 d:- ref:0 ;
in:234 out:231 type:P dur:2 cpbdur:2 q:24.73 aq:14.42 tex:89636 mv:30402 misc:3130 imb:1115 pmb:2408 smb:4637 d:- ref:0 ;
in:232 out:232 type:B dur:2 cpbdur:2 q:24.81 aq:16.12 tex:33169 mv:19033 misc:4774 imb:157 pmb:2391 smb:5612 d:- ref:0 ;
in:231 out:233 type:b dur:2 cpbdur:2 q:24.85 aq:17.66 tex:14963 mv:12602 misc:4595 imb:114 pmb:1596 smb:6450 d:- ref:0 ;
in:233 out:234 type:b dur:2 cpbdur:2 q:24.77 aq:16.96 tex:8997 mv:5259 misc:4536 imb:39 pmb:1309 smb:6812 d:- ref:0 ;
in:238 out:235 type:P dur:2 cpbdur:2 q:24.61 aq:13.96 tex:66000 mv:25577 misc:4023 imb:941 pmb:2273 smb:4946 d:- ref:0 ;
in:236 out:236 type:B dur:2 cpbdur:2 q:24.67 aq:16.07 tex:27679 mv:15560 misc:5105 imb:118 pmb:2271 smb:5771 d:- ref:0 ;
in:235 out:237 type:b dur:2 cpbdur:2 q:24.70 aq:16.11 tex:13283 mv:8051 misc:4794 imb:73 pmb:1546 smb:6541 d:- ref:0 ;
in:237 out:238 type:b dur:2 cpbdur:2 q:24.64 aq:17.07 tex:9568 mv:5886 misc:4602 imb:35 pmb:1330 smb:6795 d:- ref:0 ;
in:242 out:239 type:P dur:2 cpbdur:2 q:24.45 aq:13.96 tex:147351 mv:36375 misc:2394 imb:1746 pmb:2192 smb:4222 d:- ref:0 ;
in:240 out:240 type:B dur:2 cpbdur:2 q:24.53 aq:15.03 tex:58317 mv:24936 misc:4075 imb:256 pmb:2911 smb:4993 d:- ref:0 ;
in:239 out:241 type:b dur:2 cpbdur:2 q:24.57 aq:17.03 tex:24691 mv:19188 misc:4785 imb:208 pmb:2214 smb:5738 d:- ref:0 ;
in:241 out:242 type:b dur:2 cpbdur:2 q:24.49 aq:17.11 tex:8859 mv:4450 misc:4211 imb:34 pmb:1188 smb:6938 d:- ref:0 ;
in:246 out:243 type:P dur:2 cpbdur:2 q:24.42 aq:14.38 tex:128003 mv:33740 misc:2577 imb:1553 pmb:2091 smb:4516 d:- ref:0 ;
in:244 out:244 type:B dur:2 cpbdur:2 q:24.43 aq:16.20 tex:64178 mv:30575 misc:3631 imb:374 pmb:2728 smb:5058 d:- ref:0 ;
in:243 out:245 type:b dur:2 cpbdur:2 q:24.44 aq:16.67 tex:26121 mv:18855 misc:4392 imb:174 pmb:1982 smb:6004 d:- ref:0 ;
in:245 out:246 type:b dur:2 cpbdur:2 q:24.42 aq:16.70 tex:8778 mv:3942 misc:3824 imb:45 pmb:1074 smb:7041 d:- ref:0 ;
in:250 out:247 type:P dur:2 cpbdur:2 q:24.35 aq:14.15 tex:142148 mv:33574 misc:2374 imb:1512 pmb:2010 smb:4638 d:- ref:0 ;
in:248 out:248 type:B dur:2 cpbdur:2 q:24.38 aq:16.11 tex:59395 mv:28801 misc:3732 imb:377 pmb:2495 smb:5288 d:- ref:0 ;
in:247 out:249 type:b dur:2 cpbdur:2 q:24.40 aq:17.42 tex:10902 mv:6205 misc:4173 imb:62 pmb:1282 smb:6816 d:- ref:0 ;
in:249 out:250 type:b dur:2 cpbdur:2 q:24.36 aq:17.48 tex:26917 mv:21577 misc:4282 imb:217 pmb:2000 smb:5943 d:- ref:0 ;
in:254 out:251 type:P dur:2 cpbdur:2 q:24.25 aq:14.02 tex:120370 mv:35991 misc:2407 imb:2068 pmb:2173 smb:3919 d:- ref:0 ;
in:252 out:252 type:B dur:2 cpbdur:2 q:24.30 aq:15.84 tex:48180 mv:26699 misc:4553 imb:324 pmb:2499 smb:5337 d:- ref:0 ;
in:251 out:253 type:b dur:2 cpbdur:2 q:24.32 aq:16.26 tex:10934 mv:7111 misc:4467 imb:66 pmb:1389 smb:6705 d:- ref:0 ;
in:253 out:254 type:b dur:2 cpbdur:2 q:24.28 aq:16.74 tex:18334 mv:9228 misc:4750 imb:95 pmb:1654 smb:6411 d:- ref:0 ;
in:258 out:255 type:P dur:2 cpbdur:2 q:24.14 aq:14.98 tex:158730 mv:41853 misc:1385 imb:2724 pmb:1869 smb:3567 d:- ref:0 ;
in:256 out:256 type:B dur:2 cpbdur:2 q:24.20 aq:15.39 tex:70155 mv:35277 misc:3776 imb:489 pmb:2797 smb:4874 d:- ref:0 ;
in:255 out:257 type:b dur:2 cpbdur:2 q:24.22 aq:17.17 tex:8348 mv:4263 misc:3877 imb:37 pmb:1077 smb:7046 d:- ref:0 ;
in:257 out:258 type:b dur:2 cpbdur:2 q:24.17 aq:16.52 tex:39606 mv:26859 misc:4311 imb:389 pmb:2355 smb:5416 d:- ref:0 ;
in:262 out:259 type:P dur:2 cpbdur:2 q:24.07 aq:15.13 tex:130598 mv:35360 misc:2266 imb:2060 pmb:1666 smb:4434 d:- ref:0 ;
in:260 out:260 type:B dur:2 cpbdur:2 q:24.11 aq:16.34 tex:53483 mv:33513 misc:3732 imb:569 pmb:2442 smb:5149 d:- ref:0 ;
in:259 out:261 type:b dur:2 cpbdur:2 q:24.12 aq:16.79 tex:6880 mv:3964 misc:3596 imb:19 pmb:959 smb:7182 d:- ref:0 ;
in:261 out:262 type:b dur:2 cpbdur:2 q:24.09 aq:17.03 tex:8154 mv:3046 misc:3520 imb:20 pmb:878 smb:7262 d:- ref:0 ;
in:263 out:263 type:I dur:2 cpbdur:2 q:21.62 aq:8.51 tex:192816 mv:97168 misc:384 imb:8160 pmb:0 smb:0 d:- ref:;
in:267 out:264 type:P dur:2 cpbdur:2 q:24.35 aq:13.12 tex:153198 mv:40873 misc:2049 imb:3174 pmb:1945 smb:3041 d:- ref:0 ;
in:265 out:265 type:B dur:2 cpbdur:2 q:24.35 aq:14.85 tex:55981 mv:27133 misc:4526 imb:319 pmb:2914 smb:4927 d:- ref:0 ;
in:264 out:266 type:b dur:2 cpbdur:2 q:24.35 aq:15.99 tex:37592 mv:26636 misc:4540 imb:359 pmb:2474 smb:5327 d:- ref:0 ;
in:266 out:267 type:b dur:2 cpbdur:2 q:24.35 aq:16.71 tex:7011 mv:3833 misc:3812 imb:30 pmb:1030 smb:7100 d:- ref:0 ;
in:271 out:268 type:P dur:2 cpbdur:2 q:24.38 aq:12.89 tex:139802 mv:41054 misc:2176 imb:2937 pmb:2005 smb:3218 d:- ref:0 ;
in:269 out:269 type:B dur:2 cpbdur:2 q:24.37 aq:16.30 tex:52822 mv:31833 misc:4265 imb:518 pmb:2652 smb:4990 d:- ref:0 ;
in:268 out:270 type:b dur:2 cpbdur:2 q:24.36 aq:16.85 tex:7522 mv:4405 misc:3849 imb:38 pmb:1018 smb:7104 d:- ref:0 ;
in:270 out:271 type:b dur:2 cpbdur:2 q:24.37 aq:17.22 tex:35214 mv:26224 misc:4434 imb:348 pmb:2303 smb:5509 d:- ref:0 ;
in:275 out:272 type:P dur:2 cpbdur:2 q:24.46 aq:16.53 tex:150721 mv:41927 misc:1416 imb:2693 pmb:1915 smb:3552 d:- ref:0 w:6,63,0,5,32,0,33,-4 ;
in:273 out:273 type:B dur:2 cpbdur:2 q:24.42 aq:16.09 tex:59530 mv:32233 misc:4237 imb:458 pmb:2700 smb:5002 d:- ref:0 ;
in:272 out:274 type:b dur:2 cpbdur:2 q:24.40 aq:16.70 tex:6060 mv:3512 misc:3180 imb:36 pmb:791 smb:7333 d:- ref:0 ;
in:274 out:275 type:b dur:2 cpbdur:2 q:24.44 aq:16.74 tex:12111 mv:6290 misc:4511 imb:61 pmb:1342 smb:6757 d:- ref:0 ;
in:279 out:276 type:P dur:2 cpbdur:2 q:24.54 aq:15.00 tex:129778 mv:35765 misc:2337 imb:2211 pmb:1809 smb:4140 d:- ref:0 ;
in:277 out:277 type:B dur:2 cpbdur:2 q:24.50 aq:15.80 tex:74923 mv:36640 misc:3733 imb:594 pmb:2808 smb:4758 d:- ref:0 ;
in:276 out:278 type:b dur:2 cpbdur:2 q:24.48 aq:16.51 tex:9392 mv:3835 misc:3893 imb:31 pmb:1046 smb:7083 d:- ref:0 ;
in:278 out:279 type:b dur:2 cpbdur:2 q:24.52 aq:16.95 tex:34328 mv:25559 misc:4545 imb:418 pmb:2233 smb:5509 d:- ref:0 ;
in:283 out:280 type:P dur:2 cpbdur:2 q:24.58 aq:15.37 tex:125071 mv:37552 misc:2177 imb:2462 pmb:1635 smb:4063 d:- ref:0 ;
in:281 out:281 type:B dur:2 cpbdur:2 q:24.56 aq:16.03 tex:49023 mv:31530 misc:4287 imb:687 pmb:2462 smb:5011 d:- ref:0 ;
in:280 out:282 type:b dur:2 cpbdur:2 q:24.55 aq:16.76 tex:6399 mv:3447 misc:3338 imb:19 pmb:854 smb:7287 d:- ref:0 ;
in:282 out:283 type:b dur:2 cpbdur:2 q:24.57 aq:15.79 tex:10651 mv:4969 misc:3908 imb:89 pmb:1166 smb:6905 d:- ref:0 ;
in:287 out:284 type:P dur:2 cpbdur:2 q:24.62 aq:15.73 tex:120316 mv:39305 misc:1515 imb:3002 pmb:1560 smb:3598 d:- ref:0 ;
in:285 out:285 type:B dur:2 cpbdur:2 q:24.60 aq:14.77 tex:77048 mv:41752 misc:3312 imb:925 pmb:2907 smb:4328 d:- ref:0 ;
in:284 out:286 type:b dur:2 cpbdur:2 q:24.59 aq:17.15 tex:37447 mv:26711 misc:4690 imb:465 pmb:2377 smb:5318 d:- ref:0 ;
in:286 out:287 type:b dur:2 cpbdur:2 q:24.61 aq:15.96 tex:6523 mv:2843 misc:3298 imb:33 pmb:808 smb:7319 d:- ref:0 ;
in:290 out:288 type:P dur:2 cpbdur:2 q:24.52 aq:15.46 tex:129360 mv:33821 misc:2427 imb:2263 pmb:1460 smb:4437 d:- ref:0 ;
in:288 out:289 type:B dur:2 cpbdur:2 q:24.59 aq:16.92 tex:69573 mv:33497 misc:3290 imb:712 pmb:2314 smb:5134 d:- ref:0 ;
in:289 out:290 type:b dur:2 cpbdur:2 q:24.55 aq:17.45 tex:6641 mv:2747 misc:3164 imb:25 pmb:721 smb:7414 d:- ref:0 ;
in:294 out:291 type:P dur:2 cpbdur:2 q:24.51 aq:14.75 tex:152494 mv:40440 misc:2106 imb:2379 pmb:1894 smb:3887 d:- ref:0 ;
in:292 out:292 type:B dur:2 cpbdur:2 q:24.51 aq:15.97 tex:62047 mv:33096 misc:4337 imb:512 pmb:2772 smb:4876 d:- ref:0 ;
in:291 out:293 type:b dur:2 cpbdur:2 q:24.51 aq:16.97 tex:27740 mv:14616 misc:5052 imb:263 pmb:2026 smb:5871 d:- ref:0 ;
in:293 out:294 type:b dur:2 cpbdur:2 q:24.51 aq:17.73 tex:34821 mv:25855 misc:4924 imb:364 pmb:2511 smb:5285 d:- ref:0 ;
in:298 out:295 type:P dur:2 cpbdur:2 q:24.56 aq:14.84 tex:112616 mv:34317 misc:2667 imb:2199 pmb:1527 smb:4434 d:- ref:0 ;
in:296 out:296 type:B dur:2 cpbdur:2 q:24.54 aq:16.69 tex:48865 mv:28299 misc:4380 imb:544 pmb:2344 smb:5272 d:- ref:0 ;
in:295 out:297 type:b dur:2 cpbdur:2 q:24.52 aq:16.77 tex:5097 mv:2918 misc:3441 imb:6 pmb:896 smb:7258 d:- ref:0 ;
in:297 out:298 type:b dur:2 cpbdur:2 q:24.55 aq:17.15 tex:45940 mv:29051 misc:3801 imb:640 pmb:2111 smb:5409 d:- ref:0 ;
in:302 out:299 type:P dur:2 cpbdur:2 q:24.55 aq:15.12 tex:150533 mv:40557 misc:1278 imb:3165 pmb:1484 smb:3511 d:- ref:0 ;
in:300 out:300 type:B dur:2 cpbdur:2 q:24.56 aq:16.59 tex:83040 mv:41772 misc:3332 imb:951 pmb:2972 smb:4237 d:- ref:0 ;
in:299 out:301 type:b dur:2 cpbdur:2 q:24.56 aq:17.37 tex:46682 mv:26814 misc:4256 imb:533 pmb:2574 smb:5053 d:- ref:0 ;
in:301 out:302 type:b dur:2 cpbdur:2 q:24.55 aq:17.50 tex:45734 mv:19914 misc:4800 imb:370 pmb:2860 smb:4930 d:- ref:0 ;
in:306 out:303 type:P dur:2 cpbdur:2 q:24.63 aq:15.06 tex:131275 mv:36744 misc:2181 imb:2188 pmb:1887 smb:4085 d:- ref:0 ;
in:304 out:304 type:B dur:2 cpbdur:2 q:24.59 aq:16.03 tex:53457 mv:28258 misc:4477 imb:419 pmb:2632 smb:5109 d:- ref:0 ;
in:303 out:305 type:b dur:2 cpbdur:2 q:24.57 aq:17.39 tex:23148 mv:11762 misc:5226 imb:212 pmb:1855 smb:6093 d:- ref:0 ;
in:305 out:306 type:b dur:2 cpbdur:2 q:24.61 aq:16.72 tex:34209 mv:22402 misc:4701 imb:348 pmb:2136 smb:5676 d:- ref:0 ;
in:310 out:307 type:P dur:2 cpbdur:2 q:24.61 aq:14.15 tex:126442 mv:35545 misc:2581 imb:2067 pmb:1915 smb:4178 d:- ref:0 ;
in:308 out:308 type:B dur:2 cpbdur:2 q:24.62 aq:15.98 tex:58495 mv:30302 misc:3883 imb:450 pmb:2542 smb:5168 d:- ref:0 ;
in:307 out:309 type:b dur:2 cpbdur:2 q:24.62 aq:16.79 tex:6830 mv:3423 misc:3459 imb:52 pmb:869 smb:7239 d:- ref:0 ;
in:309 out:310 type:b dur:2 cpbdur:2 q:24.62 aq:17.52 tex:24637 mv:19426 misc:3985 imb:272 pmb:1776 smb:6112 d:- ref:0 ;
in:314 out:311 type:P dur:2 cpbdur:2 q:24.69 aq:14.52 tex:118966 mv:36138 misc:2552 imb:1752 pmb:2092 smb:4316 d:- ref:0 ;
in:312 out:312 type:B dur:2 cpbdur:2 q:24.65 aq:16.72 tex:34812 mv:24520 misc:4684 imb:350 pmb:2330 smb:5480 d:- ref:0 ;
in:311 out:313 type:b dur:2 cpbdur:2 q:24.63 aq:16.59 tex:9252 mv:4600 misc:3700 imb:36 pmb:1061 smb:7063 d:- ref:0 ;
in:313 out:314 type:b dur:2 cpbdur:2 q:24.67 aq:17.55 tex:17289 mv:11506 misc:4901 imb:121 pmb:1721 smb:6318 d:- ref:0 ;
in:318 out:315 type:P dur:2 cpbdur:2 q:24.80 aq:15.10 tex:110657 mv:30721 misc:2742 imb:1320 pmb:2043 smb:4797 d:- ref:0 ;
in:316 out:316 type:B dur:2 cpbdur:2 q:24.75 aq:16.65 tex:41223 mv:25257 misc:4032 imb:283 pmb:2340 smb:5537 d:- ref:0 ;
in:315 out:317 type:b dur:2 cpbdur:2 q:24.72 aq:18.54 tex:24132 mv:18653 misc:4391 imb:252 pmb:1853 smb:6055 d:- ref:0 ;
in:317 out:318 type:b dur:2 cpbdur:2 q:24.77 aq:17.85 tex:4599 mv:2372 misc:2821 imb:21 pmb:643 smb:7496 d:- ref:0 ;
in:322 out:319 type:P dur:2 cpbdur:2 q:24.87 aq:15.33 tex:126479 mv:32372 misc:2341 imb:2178 pmb:1477 smb:4505 d:- ref:0 ;
in:320 out:320 type:B dur:2 cpbdur:2 q:24.83 aq:16.55 tex:33511 mv:25945 misc:4384 imb:360 pmb:2267 smb:5533 d:- ref:0 ;
in:319 out:321 type:b dur:2 cpbdur:2 q:24.82 aq:16.14 tex:3579 mv:2865 misc:2924 imb:15 pmb:696 smb:7449 d:- ref:0 ;
in:321 out:322 type:b dur:2 cpbdur:2 q:24.85 aq:17.68 tex:28987 mv:23040 misc:4205 imb:364 pmb:1995 smb:5801 d:- ref:0 ;
in:326 out:323 type:P dur:2 cpbdur:2 q:24.90 aq:15.90 tex:110610 mv:33229 misc:1921 imb:2437 pmb:1294 smb:4429 d:- ref:0 ;
in:324 out:324 type:B dur:2 cpbdur:2 q:24.88 aq:16.38 tex:66497 mv:36524 misc:3155 imb:700 pmb:2438 smb:5022 d:- ref:0 ;
in:323 out:325 type:b dur:2 cpbdur:2 q:24.87 aq:16.73 tex:6626 mv:3995 misc:3235 imb:35 pmb:852 smb:7273 d:- ref:0 ;
in:325 out:326 type:b dur:2 cpbdur:2 q:24.89 aq:16.94 tex:4782 mv:2068 misc:2614 imb:13 pmb:611 smb:7536 d:- ref:0 ;
in:329 out:327 type:P dur:2 cpbdur:2 q:25.04 aq:16.36 tex:123386 mv:33754 misc:2084 imb:2575 pmb:1200 smb:4385 d:- ref:0 ;
in:327 out:328 type:B dur:2 cpbdur:2 q:24.95 aq:17.51 tex:73545 mv:37509 misc:2994 imb:944 pmb:2239 smb:4977 d:- ref:0 ;
in:328 out:329 type:b dur:2 cpbdur:2 q:24.99 aq:18.90 tex:8839 mv:4849 misc:3880 imb:60 pmb:1002 smb:7098 d:- ref:0 ;
in:332 out:330 type:P dur:2 cpbdur:2 q:25.06 aq:16.79 tex:113883 mv:35352 misc:2221 imb:2179 pmb:1525 smb:4456 d:- ref:0 ;
in:330 out:331 type:B dur:2 cpbdur:2 q:25.05 aq:18.68 tex:61940 mv:37059 misc:3249 imb:778 pmb:2314 smb:5068 d:- ref:0 ;
in:331 out:332 type:b dur:2 cpbdur:2 q:25.06 aq:18.71 tex:10448 mv:6007 misc:4273 imb:87 pmb:1209 smb:6864 d:- ref:0 ;
in:335 out:333 type:P dur:2 cpbdur:2 q:25.08 aq:16.52 tex:104362 mv:37186 misc:2260 imb:2504 pmb:1559 smb:4097 d:- ref:0 ;
in:333 out:334 type:B dur:2 cpbdur:2 q:25.07 aq:19.35 tex:50801 mv:33944 misc:3871 imb:813 pmb:2326 smb:5021 d:- ref:0 ;
in:334 out:335 type:b dur:2 cpbdur:2 q:25.08 aq:19.05 tex:5817 mv:3869 misc:3474 imb:24 pmb:893 smb:7243 d:- ref:0 ;
in:337 out:336 type:P dur:2 cpbdur:2 q:25.08 aq:17.19 tex:79756 mv:31137 misc:2571 imb:2001 pmb:1331 smb:4828 d:- ref:0 ;
in:336 out:337 type:b dur:2 cpbdur:2 q:25.08 aq:17.84 tex:12035 mv:5373 misc:3896 imb:77 pmb:1103 smb:6980 d:- ref:0 ;
in:338 out:338 type:P dur:2 cpbdur:2 q:25.00 aq:16.99 tex:93162 mv:35715 misc:2291 imb:2334 pmb:1517 smb:4309 d:- ref:0 ;
in:340 out:339 type:P dur:2 cpbdur:2 q:25.04 aq:17.73 tex:89280 mv:34197 misc:2403 imb:2366 pmb:1395 smb:4399 d:- ref:0 ;
in:339 out:340 type:b dur:2 cpbdur:2 q:25.02 aq:17.58 tex:10339 mv:3841 misc:3756 imb:45 pmb:1078 smb:7037 d:- ref:0 ;
in:341 out:341 type:P dur:2 cpbdur:2 q:25.02 aq:16.43 tex:95400 mv:37016 misc:1744 imb:3484 pmb:1302 smb:3374 d:- ref:0 ;
in:342 out:342 type:I dur:2 cpbdur:2 q:21.97 aq:8.85 tex:161851 mv:86267 misc:394 imb:8160 pmb:0 smb:0 d:- ref:;
in:346 out:343 type:P dur:2 cpbdur:2 q:25.17 aq:16.36 tex:121260 mv:38057 misc:1571 imb:3139 pmb:1272 smb:3749 d:- ref:0 ;
in:344 out:344 type:B dur:2 cpbdur:2 q:25.17 aq:17.32 tex:56288 mv:35630 misc:3658 imb:884 pmb:2374 smb:4902 d:- ref:0 ;
in:343 out:345 type:b dur:2 cpbdur:2 q:25.17 aq:17.10 tex:3421 mv:1203 misc:2048 imb:5 pmb:449 smb:7706 d:- ref:0 ;
in:345 out:346 type:b dur:2 cpbdur:2 q:25.17 aq:17.22 tex:12870 mv:6878 misc:4396 imb:106 pmb:1364 smb:6690 d:- ref:0 ;
in:350 out:347 type:P dur:2 cpbdur:2 q:25.11 aq:16.13 tex:132847 mv:39551 misc:1594 imb:3149 pmb:1279 smb:3732 d:- ref:0 ;
in:348 out:348 type:B dur:2 cpbdur:2 q:25.14 aq:18.21 tex:68324 mv:40489 misc:3475 imb:948 pmb:2738 smb:4474 d:- ref:0 ;
in:347 out:349 type:b dur:2 cpbdur:2 q:25.15 aq:17.93 tex:50803 mv:35831 misc:3998 imb:709 pmb:2737 smb:4714 d:- ref:0 ;
in:349 out:350 type:b dur:2 cpbdur:2 q:25.13 aq:17.39 tex:6384 mv:2641 misc:3135 imb:19 pmb:796 smb:7345 d:- ref:0 ;
in:354 out:351 type:P dur:2 cpbdur:2 q:25.06 aq:16.22 tex:152931 mv:37057 misc:1788 imb:3132 pmb:1064 smb:3964 d:- ref:0 ;
in:352 out:352 type:B dur:2 cpbdur:2 q:25.09 aq:16.45 tex:84985 mv:43129 misc:2926 imb:1010 pmb:2711 smb:4439 d:- ref:0 ;
in:351 out:353 type:b dur:2 cpbdur:2 q:25.10 aq:17.75 tex:53149 mv:35656 misc:3891 imb:810 pmb:2452 smb:4898 d:- ref:0 ;
in:353 out:354 type:b dur:2 cpbdur:2 q:25.07 aq:17.52 tex:6729 mv:2892 misc:3043 imb:34 pmb:795 smb:7331 d:- ref:0 ;
in:358 out:355 type:P dur:2 cpbdur:2 q:25.15 aq:16.14 tex:107318 mv:43000 misc:1674 imb:3239 pmb:1793 smb:3128 d:- ref:0 ;
in:356 out:356 type:B dur:2 cpbdur:2 q:25.10 aq:15.92 tex:61439 mv:38410 misc:3927 imb:844 pmb:2824 smb:4492 d:- ref:0 ;
in:355 out:357 type:b dur:2 cpbdur:2 q:25.08 aq:17.06 tex:7822 mv:4619 misc:3879 imb:68 pmb:1036 smb:7056 d:- ref:0 ;
in:357 out:358 type:b dur:2 cpbdur:2 q:25.12 aq:18.25 tex:30486 mv:25730 misc:4920 imb:422 pmb:2352 smb:5386 d:- ref:0 ;
in:362 out:359 type:P dur:2 cpbdur:2 q:25.13 aq:16.87 tex:125671 mv:42196 misc:1365 imb:3244 pmb:1336 smb:3580 d:- ref:0 ;
in:360 out:360 type:B dur:2 cpbdur:2 q:25.14 aq:17.60 tex:86665 mv:47233 misc:2694 imb:1529 pmb:2591 smb:4040 d:- ref:0 ;
in:359 out:361 type:b dur:2 cpbdur:2 q:25.14 aq:17.83 tex:48977 mv:27023 misc:4616 imb:597 pmb:2468 smb:5095 d:- ref:0 ;
in:361 out:362 type:b dur:2 cpbdur:2 q:25.13 aq:17.75 tex:10615 mv:3772 misc:3653 imb:38 pmb:1039 smb:7083 d:- ref:0 ;
in:366 out:363 type:P dur:2 cpbdur:2 q:25.16 aq:15.60 tex:143930 mv:41660 misc:1242 imb:3801 pmb:1237 smb:3122 d:- ref:0 ;
in:364 out:364 type:B dur:2 cpbdur:2 q:25.14 aq:16.32 tex:75099 mv:36808 misc:3453 imb:803 pmb:2632 smb:4725 d:- ref:0 ;
in:363 out:365 type:b dur:2 cpbdur:2 q:25.14 aq:17.48 tex:53414 mv:36583 misc:3627 imb:728 pmb:2732 smb:4700 d:- ref:0 ;
in:365 out:366 type:b dur:2 cpbdur:2 q:25.15 aq:16.10 tex:6473 mv:3129 misc:3198 imb:36 pmb:803 smb:7321 d:- ref:0 ;
in:370 out:367 type:P dur:2 cpbdur:2 q:25.18 aq:16.24 tex:115879 mv:38704 misc:1769 imb:2870 pmb:1394 smb:3896 d:- ref:0 ;
in:368 out:368 type:B dur:2 cpbdur:2 q:25.17 aq:16.52 tex:78602 mv:38225 misc:3445 imb:838 pmb:2481 smb:4841 d:- ref:0 ;
in:367 out:369 type:b dur:2 cpbdur:2 q:25.16 aq:17.97 tex:8647 mv:3957 misc:3604 imb:53 pmb:928 smb:7179 d:- ref:0 ;
in:369 out:370 type:b dur:2 cpbdur:2 q:25.18 aq:17.20 tex:47282 mv:34422 misc:4184 imb:813 pmb:2455 smb:4892 d:- ref:0 ;
in:372 out:371 type:P dur:2 cpbdur:2 q:25.16 aq:15.32 tex:97797 mv:37189 misc:1590 imb:3480 pmb:1237 smb:3443 d:- ref:0 ;
in:371 out:372 type:b dur:2 cpbdur:2 q:25.17 aq:17.86 tex:5504 mv:2411 misc:2645 imb:42 pmb:532 smb:7586 d:- ref:0 ;
in:375 out:373 type:P dur:2 cpbdur:2 q:25.26 aq:16.42 tex:123398 mv:38271 misc:1843 imb:2831 pmb:1365 smb:3964 d:- ref:0 ;
in:373 out:374 type:B dur:2 cpbdur:2 q:25.20 aq:17.64 tex:54725 mv:37326 misc:3517 imb:926 pmb:2392 smb:4842 d:- ref:0 ;
in:374 out:375 type:b dur:2 cpbdur:2 q:25.23 aq:18.08 tex:7777 mv:3663 misc:3600 imb:16 pmb:1033 smb:7111 d:- ref:0 ;
in:379 out:376 type:P dur:2 cpbdur:2 q:25.35 aq:15.75 tex:142051 mv:38924 misc:1297 imb:3974 pmb:1035 smb:3151 d:- ref:0 ;
in:377 out:377 type:B dur:2 cpbdur:2 q:25.31 aq:17.32 tex:76513 mv:39191 misc:3120 imb:892 pmb:2547 smb:4721 d:- ref:0 ;
in:376 out:378 type:b dur:2 cpbdur:2 q:25.28 aq:18.26 tex:47449 mv:37692 misc:4003 imb:923 pmb:2591 smb:4646 d:- ref:0 ;
in:378 out:379 type:b dur:2 cpbdur:2 q:25.33 aq:17.87 tex:4576 mv:2730 misc:3014 imb:20 pmb:709 smb:7431 d:- ref:0 ;
in:383 out:380 type:P dur:2 cpbdur:2 q:25.40 aq:15.68 tex:115953 mv:42990 misc:1841 imb:2442 pmb:1980 smb:3738 d:- ref:0 ;
in:381 out:381 type:B dur:2 cpbdur:2 q:25.38 aq:16.27 tex:63258 mv:41501 misc:3553 imb:785 pmb:3085 smb:4290 d:- ref:0 ;
in:380 out:382 type:b dur:2 cpbdur:2 q:25.36 aq:16.01 tex:4592 mv:2020 misc:2652 imb:14 pmb:650 smb:7496 d:- ref:0 ;
in:382 out:383 type:b dur:2 cpbdur:2 q:25.39 aq:18.91 tex:24485 mv:23158 misc:5133 imb:293 pmb:2413 smb:5454 d:- ref:0 ;
in:387 out:384 type:P dur:2 cpbdur:2 q:25.47 aq:17.22 tex:101177 mv:41576 misc:1335 imb:3147 pmb:1467 smb:3546 d:- ref:0 ;
in:385 out:385 type:B dur:2 cpbdur:2 q:25.44 aq:17.39 tex:55897 mv:39590 misc:3857 imb:1081 pmb:2571 smb:4508 d:- ref:0 ;
in:384 out:386 type:b dur:2 cpbdur:2 q:25.42 aq:19.27 tex:6185 mv:2698 misc:2877 imb:28 pmb:663 smb:7469 d:- ref:0 ;
in:386 out:387 type:b dur:2 cpbdur:2 q:25.45 aq:17.71 tex:10257 mv:5672 misc:4263 imb:74 pmb:1181 smb:6905 d:- ref:0 ;
in:390 out:388 type:P dur:2 cpbdur:2 q:25.55 aq:17.92 tex:103278 mv:38145 misc:1617 imb:3123 pmb:1325 smb:3712 d:- ref:0 ;
in:388 out:389 type:B dur:2 cpbdur:2 q:25.50 aq:17.90 tex:53199 mv:34812 misc:3741 imb:835 pmb:2249 smb:5076 d:- ref:0 ;
in:389 out:390 type:b dur:2 cpbdur:2 q:25.52 aq:18.50 tex:8248 mv:4272 misc:3832 imb:33 pmb:980 smb:7147 d:- ref:0 ;
in:391 out:391 type:P dur:2 cpbdur:2 q:25.57 aq:17.57 tex:104357 mv:36218 misc:1881 imb:3074 pmb:1236 smb:3850 d:- ref:0 ;
in:393 out:392 type:P dur:2 cpbdur:2 q:25.65 aq:16.74 tex:82674 mv:30653 misc:2937 imb:2315 pmb:1238 smb:4607 d:- ref:0 ;
in:392 out:393 type:b dur:2 cpbdur:2 q:25.61 aq:17.67 tex:11528 mv:5318 misc:4186 imb:68 pmb:1216 smb:6876 d:- ref:0 ;
in:394 out:394 type:P dur:2 cpbdur:2 q:25.65 aq:16.48 tex:84472 mv:30665 misc:2471 imb:2089 pmb:1202 smb:4869 d:- ref:0 ;
in:397 out:395 type:P dur:2 cpbdur:2 q:25.68 aq:17.84 tex:129220 mv:35469 misc:1735 imb:3169 pmb:1014 smb:3977 d:- ref:0 ;
in:395 out:396 type:B dur:2 cpbdur:2 q:25.66 aq:17.06 tex:68465 mv:36458 misc:3461 imb:869 pmb:2536 smb:4755 d:- ref:0 ;
in:396 out:397 type:b dur:2 cpbdur:2 q:25.67 aq:17.24 tex:10708 mv:4533 misc:3839 imb:84 pmb:1078 smb:6998 d:- ref:0 ;
in:401 out:398 type:P dur:2 cpbdur:2 q:25.70 aq:15.40 tex:169279 mv:39877 misc:1228 imb:4701 pmb:881 smb:2578 d:- ref:0 ;
in:399 out:399 type:B dur:2 cpbdur:2 q:25.69 aq:17.18 tex:96891 mv:47605 misc:3024 imb:1307 pmb:2782 smb:4071 d:- ref:0 ;
in:398 out:400 type:b dur:2 cpbdur:2 q:25.68 aq:17.66 tex:14217 mv:5620 misc:4643 imb:90 pmb:1419 smb:6651 d:- ref:0 ;
in:400 out:401 type:b dur:2 cpbdur:2 q:25.69 aq:19.15 tex:49714 mv:32698 misc:3740 imb:745 pmb:2208 smb:5207 d:- ref:0 ;
in:405 out:402 type:P dur:2 cpbdur:2 q:25.78 aq:16.91 tex:124182 mv:36857 misc:1209 imb:4140 pmb:884 smb:3136 d:- ref:0 ;
in:403 out:403 type:B dur:2 cpbdur:2 q:25.74 aq:17.39 tex:45574 mv:34523 misc:4327 imb:713 pmb:2634 smb:4813 d:- ref:0 ;
in:402 out:404 type:b dur:2 cpbdur:2 q:25.72 aq:17.92 tex:7260 mv:4161 misc:3907 imb:39 pmb:1009 smb:7112 d:- ref:0 ;
in:404 out:405 type:b dur:2 cpbdur:2 q:25.76 aq:18.36 tex:11394 mv:5123 misc:3995 imb:73 pmb:1184 smb:6903 d:- ref:0 ;
in:406 out:406 type:P dur:2 cpbdur:2 q:25.73 aq:17.98 tex:93359 mv:32332 misc:3205 imb:2016 pmb:1588 smb:4556 d:- ref:0 ;
in:408 out:407 type:P dur:2 cpbdur:2 q:25.74 aq:18.11 tex:104883 mv:37889 misc:1764 imb:3250 pmb:1366 smb:3544 d:- ref:0 ;
in:407 out:408 type:b dur:2 cpbdur:2 q:25.73 aq:18.23 tex:8046 mv:3992 misc:3490 imb:59 pmb:875 smb:7226 d:- ref:0 ;
in:412 out:409 type:P dur:2 cpbdur:2 q:25.80 aq:18.83 tex:136987 mv:37786 misc:1331 imb:3910 pmb:825 smb:3425 d:- ref:0 ;
in:410 out:410 type:B dur:2 cpbdur:2 q:25.77 aq:17.51 tex:93989 mv:41704 misc:3499 imb:1126 pmb:2836 smb:4198 d:- ref:0 ;
in:409 out:411 type:b dur:2 cpbdur:2 q:25.75 aq:19.13 tex:54222 mv:34862 misc:4164 imb:906 pmb:2533 smb:4721 d:- ref:0 ;
in:411 out:412 type:b dur:2 cpbdur:2 q:25.79 aq:17.80 tex:14591 mv:6972 misc:4789 imb:109 pmb:1428 smb:6623 d:- ref:0 ;
in:413 out:413 type:I dur:2 cpbdur:2 q:22.67 aq:10.47 tex:159837 mv:88692 misc:439 imb:8160 pmb:0 smb:0 d:- ref:;
in:416 out:414 type:P dur:2 cpbdur:2 q:25.82 aq:18.04 tex:102636 mv:38991 misc:1925 imb:3030 pmb:1408 smb:3722 d:- ref:0 ;
in:414 out:415 type:B dur:2 cpbdur:2 q:25.82 aq:16.56 tex:11308 mv:4930 misc:3378 imb:98 pmb:999 smb:7063 d:- ref:0 ;
in:415 out:416 type:b dur:2 cpbdur:2 q:25.82 aq:18.60 tex:52360 mv:32640 misc:4608 imb:688 pmb:2529 smb:4943 d:- ref:0 ;
in:418 out:417 type:P dur:2 cpbdur:2 q:25.82 aq:17.57 tex:90429 mv:38358 misc:1797 imb:3053 pmb:1417 smb:3690 d:- ref:0 ;
in:417 out:418 type:b dur:2 cpbdur:2 q:25.82 aq:19.07 tex:11204 mv:5833 misc:3979 imb:124 pmb:997 smb:7039 d:- ref:0 ;
in:421 out:419 type:P dur:2 cpbdur:2 q:25.89 aq:17.90 tex:126559 mv:35671 misc:1914 imb:3181 pmb:1115 smb:3864 d:- ref:0 ;
in:419 out:420 type:B dur:2 cpbdur:2 q:25.84 aq:17.45 tex:54469 mv:34969 misc:4098 imb:699 pmb:2594 smb:4867 d:- ref:0 ;
in:420 out:421 type:b dur:2 cpbdur:2 q:25.86 aq:17.26 tex:12256 mv:6319 misc:4297 imb:107 pmb:1224 smb:6829 d:- ref:0 ;
in:424 out:422 type:P dur:2 cpbdur:2 q:25.96 aq:18.22 tex:134502 mv:35576 misc:1538 imb:3550 pmb:926 smb:3684 d:- ref:0 ;
in:422 out:423 type:B dur:2 cpbdur:2 q:25.91 aq:17.74 tex:57599 mv:34496 misc:4105 imb:744 pmb:2603 smb:4813 d:- ref:0 ;
in:423 out:424 type:b dur:2 cpbdur:2 q:25.93 aq:17.84 tex:11158 mv:5823 misc:4403 imb:86 pmb:1212 smb:6862 d:- ref:0 ;
in:428 out:425 type:P dur:2 cpbdur:2 q:26.02 aq:19.24 tex:159862 mv:40886 misc:1004 imb:3875 pmb:955 smb:3330 d:- ref:0 ;
in:426 out:426 type:B dur:2 cpbdur:2 q:25.99 aq:18.04 tex:104581 mv:52531 misc:2200 imb:1941 pmb:2538 smb:3681 d:- ref:0 ;
in:425 out:427 type:b dur:2 cpbdur:2 q:25.97 aq:17.56 tex:6511 mv:3492 misc:3093 imb:54 pmb:692 smb:7414 d:- ref:0 ;
in:427 out:428 type:b dur:2 cpbdur:2 q:26.00 aq:18.32 tex:41335 mv:31448 misc:4705 imb:761 pmb:2270 smb:5129 d:- ref:0 ;
in:432 out:429 type:P dur:2 cpbdur:2 q:26.06 aq:14.54 tex:110024 mv:40602 misc:2558 imb:3870 pmb:1819 smb:2471 d:- ref:0 ;
in:430 out:430 type:B dur:2 cpbdur:2 q:26.04 aq:17.71 tex:30917 mv:27315 misc:5368 imb:389 pmb:2571 smb:5200 d:- ref:0 ;
in:429 out:431 type:b dur:2 cpbdur:2 q:26.03 aq:18.30 tex:9964 mv:6746 misc:4602 imb:73 pmb:1312 smb:6775 d:- ref:0 ;
in:431 out:432 type:b dur:2 cpbdur:2 q:26.05 aq:18.24 tex:16611 mv:9670 misc:5127 imb:186 pmb:1656 smb:6318 d:- ref:0 ;
in:436 out:433 type:P dur:2 cpbdur:2 q:26.12 aq:17.13 tex:94018 mv:42244 misc:1842 imb:2827 pmb:1898 smb:3435 d:- ref:0 ;
in:434 out:434 type:B dur:2 cpbdur:2 q:26.09 aq:16.87 tex:53765 mv:36562 misc:4081 imb:754 pmb:2802 smb:4604 d:- ref:0 ;
in:433 out:435 type:b dur:2 cpbdur:2 q:26.07 aq:18.48 tex:28163 mv:25125 misc:4888 imb:405 pmb:2260 smb:5495 d:- ref:0 ;
in:435 out:436 type:b dur:2 cpbdur:2 q:26.10 aq:16.82 tex:10074 mv:5990 misc:4160 imb:162 pmb:1074 smb:6924 d:- ref:0 ;
in:439 out:437 type:P dur:2 cpbdur:2 q:26.20 aq:18.83 tex:147695 mv:35835 misc:1678 imb:3551 pmb:896 smb:3713 d:- ref:0 ;
in:437 out:438 type:B dur:2 cpbdur:2 q:26.14 aq:17.59 tex:61093 mv:37075 misc:4296 imb:845 pmb:2575 smb:4740 d:- ref:0 ;
in:438 out:439 type:b dur:2 cpbdur:2 q:26.17 aq:18.03 tex:6675 mv:3627 misc:3442 imb:49 pmb:837 smb:7274 d:- ref:0 ;
in:443 out:440 type:P dur:2 cpbdur:2 q:26.25 aq:18.59 tex:116943 mv:42263 misc:1698 imb:2707 pmb:1876 smb:3577 d:- ref:0 ;
in:441 out:441 type:B dur:2 cpbdur:2 q:26.22 aq:17.18 tex:66059 mv:38653 misc:4112 imb:900 pmb:2746 smb:4514 d:- ref:0 ;
in:440 out:442 type:b dur:2 cpbdur:2 q:26.21 aq:18.31 tex:8065 mv:4150 misc:3697 imb:78 pmb:914 smb:7168 d:- ref:0 ;
in:442 out:443 type:b dur:2 cpbdur:2 q:26.23 aq:18.38 tex:28111 mv:25354 misc:5095 imb:439 pmb:2366 smb:5355 d:- ref:0 ;
in:447 out:444 type:P dur:2 cpbdur:2 q:26.32 aq:17.15 tex:78465 mv:34929 misc:2686 imb:2154 pmb:1978 smb:4028 d:- ref:0 ;
in:445 out:445 type:B dur:2 cpbdur:2 q:26.28 aq:18.65 tex:24432 mv:23316 misc:4908 imb:369 pmb:2229 smb:5562 d:- ref:0 ;
in:444 out:446 type:b dur:2 cpbdur:2 q:26.26 aq:17.81 tex:22943 mv:17657 misc:5352 imb:328 pmb:2014 smb:5818 d:- ref:0 ;
in:446 out:447 type:b dur:2 cpbdur:2 q:26.30 aq:18.59 tex:3477 mv:2815 misc:3300 imb:21 pmb:807 smb:7332 d:- ref:0 ;
in:451 out:448 type:P dur:2 cpbdur:2 q:26.31 aq:14.54 tex:133404 mv:40695 misc:1117 imb:4514 pmb:1451 smb:2195 d:- ref:0 ;
in:449 out:449 type:B dur:2 cpbdur:2 q:26.32 aq:17.45 tex:58870 mv:37093 misc:4101 imb:807 pmb:2938 smb:4415 d:- ref:0 ;
in:448 out:450 type:b dur:2 cpbdur:2 q:26.32 aq:18.35 tex:21671 mv:24150 misc:5155 imb:378 pmb:2215 smb:5567 d:- ref:0 ;
in:450 out:451 type:b dur:2 cpbdur:2 q:26.31 aq:17.22 tex:7307 mv:4757 misc:4064 imb:71 pmb:1104 smb:6985 d:- ref:0 ;
in:455 out:452 type:P dur:2 cpbdur:2 q:26.38 aq:17.32 tex:121593 mv:40062 misc:1433 imb:2983 pmb:1633 smb:3544 d:- ref:0 ;
in:453 out:453 type:B dur:2 cpbdur:2 q:26.35 aq:17.92 tex:45281 mv:32613 misc:4602 imb:661 pmb:2524 smb:4975 d:- ref:0 ;
in:452 out:454 type:b dur:2 cpbdur:2 q:26.33 aq:18.37 tex:16292 mv:10821 misc:5247 imb:154 pmb:1786 smb:6220 d:- ref:0 ;
in:454 out:455 type:b dur:2 cpbdur:2 q:26.37 aq:18.81 tex:27179 mv:24599 misc:4878 imb:410 pmb:2111 smb:5639 d:- ref:0 ;
in:459 out:456 type:P dur:2 cpbdur:2 q:26.38 aq:18.47 tex:95641 mv:36582 misc:1529 imb:3442 pmb:1062 smb:3656 d:- ref:0 ;
in:457 out:457 type:B dur:2 cpbdur:2 q:26.38 aq:19.15 tex:41218 mv:30740 misc:4050 imb:765 pmb:2049 smb:5346 d:- ref:0 ;
in:456 out:458 type:b dur:2 cpbdur:2 q:26.38 aq:19.63 tex:3949 mv:2572 misc:2871 imb:18 pmb:680 smb:7462 d:- ref:0 ;
in:458 out:459 type:b dur:2 cpbdur:2 q:26.38 aq:19.06 tex:8599 mv:4889 misc:3744 imb:82 pmb:968 smb:7110 d:- ref:0 ;
in:460 out:460 type:I dur:2 cpbdur:2 q:23.27 aq:11.66 tex:121150 mv:69700 misc:430 imb:8160 pmb:0 smb:0 d:- ref:;
in:462 out:461 type:P dur:2 cpbdur:2 q:26.45 aq:19.43 tex:98339 mv:37142 misc:1639 imb:3027 pmb:1262 smb:3871 d:- ref:0 ;
in:461 out:462 type:b dur:2 cpbdur:2 q:26.45 aq:18.84 tex:9613 mv:3628 misc:3599 imb:40 pmb:948 smb:7172 d:- ref:0 ;
in:463 out:463 type:P dur:2 cpbdur:2 q:26.45 aq:21.01 tex:93927 mv:35681 misc:2016 imb:2913 pmb:1220 smb:4027 d:- ref:0 ;
in:465 out:464 type:P dur:2 cpbdur:2 q:26.48 aq:23.12 tex:106416 mv:36151 misc:1665 imb:3370 pmb:1045 smb:3745 d:- ref:0 ;
in:464 out:465 type:b dur:2 cpbdur:2 q:26.47 aq:20.21 tex:11639 mv:5165 misc:3804 imb:116 pmb:1101 smb:6943 d:- ref:0 ;
in:466 out:466 type:P dur:2 cpbdur:2 q:26.48 aq:22.16 tex:95146 mv:35659 misc:1931 imb:3166 pmb:1043 smb:3951 d:- ref:0 ;
in:468 out:467 type:P dur:2 cpbdur:2 q:26.49 aq:18.76 tex:77293 mv:34426 misc:2329 imb:2774 pmb:1290 smb:4096 d:- ref:0 ;
in:467 out:468 type:b dur:2 cpbdur:2 q:26.49 aq:19.02 tex:10536 mv:4552 misc:3928 imb:67 pmb:1150 smb:6943 d:- ref:0 ;
in:469 out:469 type:P dur:2 cpbdur:2 q:26.49 aq:19.30 tex:107676 mv:31655 misc:1661 imb:4326 pmb:589 smb:3245 d:- ref:0 ;
in:471 out:470 type:P dur:2 cpbdur:2 q:26.49 aq:20.39 tex:107164 mv:36307 misc:1537 imb:4189 pmb:868 smb:3103 d:- ref:0 ;
in:470 out:471 type:b dur:2 cpbdur:2 q:26.49 aq:19.48 tex:8038 mv:3383 misc:3499 imb:72 pmb:836 smb:7252 d:- ref:0 ;
in:472 out:472 type:P dur:2 cpbdur:2 q:26.48 aq:22.23 tex:89016 mv:29992 misc:2088 imb:3331 pmb:738 smb:4091 d:- ref:0 ;
in:474 out:473 type:P dur:2 cpbdur:2 q:26.52 aq:21.79 tex:127391 mv:35113 misc:1168 imb:4036 pmb:623 smb:3501 d:- ref:0 ;
in:473 out:474 type:b dur:2 cpbdur:2 q:26.50 aq:21.06 tex:14321 mv:5048 misc:4399 imb:117 pmb:1141 smb:6902 d:- ref:0 ;
in:475 out:475 type:P dur:2 cpbdur:2 q:26.49 aq:20.84 tex:87926 mv:34362 misc:2424 imb:2860 pmb:1245 smb:4055 d:- ref:0 ;
in:477 out:476 type:P dur:2 cpbdur:2 q:26.53 aq:19.80 tex:122198 mv:40482 misc:1032 imb:4229 pmb:962 smb:2969 d:- ref:0 ;
in:476 out:477 type:b dur:2 cpbdur:2 q:26.51 aq:21.14 tex:5964 mv:2051 misc:2785 imb:52 pmb:565 smb:7543 d:- ref:0 ;
in:478 out:478 type:P dur:2 cpbdur:2 q:26.53 aq:19.30 tex:80846 mv:38953 misc:2673 imb:2288 pmb:1824 smb:4048 d:- ref:0 ;
in:480 out:479 type:P dur:2 cpbdur:2 q:26.54 aq:18.59 tex:102931 mv:35971 misc:1234 imb:4200 pmb:762 smb:3198 d:- ref:0 ;
in:479 out:480 type:b dur:2 cpbdur:2 q:26.54 aq:19.82 tex:8039 mv:3927 misc:3394 imb:55 pmb:804 smb:7301 d:- ref:0 ;
in:481 out:481 type:P dur:2 cpbdur:2 q:26.57 aq:19.07 tex:86654 mv:34538 misc:3064 imb:2491 pmb:1443 smb:4226 d:- ref:0 ;
in:483 out:482 type:P dur:2 cpbdur:2 q:26.56 aq:19.09 tex:73370 mv:36594 misc:1844 imb:3362 pmb:1121 smb:3677 d:- ref:0 ;
in:482 out:483 type:b dur:2 cpbdur:2 q:26.57 aq:19.11 tex:40527 mv:23902 misc:4907 imb:1281 pmb:1881 smb:4998 d:- ref:0 ;
in:484 out:484 type:P dur:2 cpbdur:2 q:26.55 aq:19.35 tex:79523 mv:34914 misc:1587 imb:3643 pmb:869 smb:3648 d:- ref:0 ;
in:485 out:485 type:P dur:2 cpbdur:2 q:26.58 aq:20.23 tex:88231 mv:38438 misc:1435 imb:3376 pmb:1075 smb:3709 d:- ref:0 ;
in:486 out:486 type:I dur:2 cpbdur:2 q:23.51 aq:12.57 tex:129102 mv:82063 misc:347 imb:8160 pmb:0 smb:0 d:- ref:;
in:489 out:487 type:P dur:2 cpbdur:2 q:26.65 aq:20.34 tex:107409 mv:41760 misc:1415 imb:2992 pmb:1532 smb:3636 d:- ref:0 ;
in:487 out:488 type:B dur:2 cpbdur:2 q:26.65 aq:21.08 tex:61195 mv:37358 misc:3959 imb:951 pmb:2466 smb:4743 d:- ref:0 ;
in:488 out:489 type:b dur:2 cpbdur:2 q:26.65 aq:20.33 tex:36019 mv:17926 misc:5447 imb:721 pmb:2020 smb:5419 d:- ref:0 ;
in:490 out:490 type:P dur:2 cpbdur:2 q:26.66 aq:19.22 tex:95545 mv:38311 misc:1504 imb:3492 pmb:1193 smb:3475 d:- ref:0 ;
in:491 out:491 type:P dur:2 cpbdur:2 q:26.70 aq:19.50 tex:96382 mv:38601 misc:1569 imb:3202 pmb:1270 smb:3688 d:- ref:0 ;
in:492 out:492 type:P dur:2 cpbdur:2 q:26.70 aq:19.39 tex:102107 mv:37781 misc:2192 imb:2619 pmb:1521 smb:4020 d:- ref:0 ;
in:494 out:493 type:P dur:2 cpbdur:2 q:26.75 aq:19.75 tex:93036 mv:36744 misc:1724 imb:3614 pmb:1089 smb:3457 d:- ref:0 ;
in:493 out:494 type:b dur:2 cpbdur:2 q:26.72 aq:19.71 tex:51943 mv:38068 misc:4261 imb:1007 pmb:2587 smb:4566 d:- ref:0 ;
in:496 out:495 type:P dur:2 cpbdur:2 q:26.76 aq:16.76 tex:119216 mv:37928 misc:1512 imb:3629 pmb:999 smb:3532 d:- ref:0 ;
in:495 out:496 type:b dur:2 cpbdur:2 q:26.76 aq:18.28 tex:65226 mv:40332 misc:3730 imb:1510 pmb:2252 smb:4398 d:- ref:0 ;
in:498 out:497 type:P dur:2 cpbdur:2 q:26.83 aq:16.60 tex:73943 mv:32201 misc:2640 imb:2346 pmb:1371 smb:4443 d:- ref:0 ;
in:497 out:498 type:b dur:2 cpbdur:2 q:26.80 aq:18.99 tex:27312 mv:14772 misc:5156 imb:512 pmb:1743 smb:5905 d:- ref:0 ;
in:500 out:499 type:P dur:2 cpbdur:2 q:26.82 aq:20.27 tex:96075 mv:34929 misc:1100 imb:3907 pmb:733 smb:3520 d:- ref:0 ;
in:499 out:500 type:b dur:2 cpbdur:2 q:26.82 aq:19.16 tex:56795 mv:44460 misc:3737 imb:1545 pmb:2410 smb:4205 d:- ref:0 ;
in:501 out:501 type:P dur:2 cpbdur:2 q:26.82 aq:19.13 tex:92395 mv:34969 misc:2196 imb:2657 pmb:1344 smb:4159 d:- ref:0 ;
in:502 out:502 type:P dur:2 cpbdur:2 q:26.85 aq:19.81 tex:80416 mv:37085 misc:1883 imb:3261 pmb:1227 smb:3672 d:- ref:0 ;
in:503 out:503 type:P dur:2 cpbdur:2 q:26.90 aq:19.32 tex:91759 mv:37676 misc:941 imb:4270 pmb:873 smb:3017 d:- ref:0 ;
in:504 out:504 type:P dur:2 cpbdur:2 q:26.89 aq:19.08 tex:90019 mv:39402 misc:995 imb:3880 pmb:1080 smb:3200 d:- ref:0 ;
in:505 out:505 type:P dur:2 cpbdur:2 q:26.92 aq:19.50 tex:78630 mv:30773 misc:1805 imb:2877 pmb:903 smb:4380 d:- ref:0 ;
in:506 out:506 type:i dur:2 cpbdur:2 q:23.74 aq:12.31 tex:107476 mv:72565 misc:351 imb:8160 pmb:0 smb:0 d:- ref:;
in:508 out:507 type:P dur:2 cpbdur:2 q:27.01 aq:18.87 tex:83555 mv:34714 misc:1779 imb:3341 pmb:1126 smb:3693 d:- ref:0 ;
in:507 out:508 type:b dur:2 cpbdur:2 q:27.01 aq:21.21 tex:58067 mv:33230 misc:3823 imb:994 pmb:2148 smb:5018 d:- ref:0 ;
in:511 out:509 type:P dur:2 cpbdur:2 q:27.04 aq:18.97 tex:96952 mv:38806 misc:1562 imb:3765 pmb:1172 smb:3223 d:- ref:0 ;
in:509 out:510 type:B dur:2 cpbdur:2 q:27.02 aq:18.70 tex:59642 mv:41189 misc:3241 imb:1579 pmb:2271 smb:4310 d:- ref:0 ;
in:510 out:511 type:b dur:2 cpbdur:2 q:27.03 aq:19.60 tex:41486 mv:26603 misc:4431 imb:619 pmb:2400 smb:5141 d:- ref:0 ;
in:513 out:512 type:P dur:2 cpbdur:2 q:27.12 aq:19.81 tex:68251 mv:33715 misc:2706 imb:2115 pmb:1472 smb:4573 d:- ref:0 ;
in:512 out:513 type:b dur:2 cpbdur:2 q:27.08 aq:20.47 tex:39099 mv:22854 misc:4375 imb:941 pmb:1641 smb:5578 d:- ref:0 ;
in:514 out:514 type:P dur:2 cpbdur:2 q:27.15 aq:20.71 tex:65650 mv:28757 misc:2489 imb:2296 pmb:1109 smb:4755 d:- ref:0 ;
in:515 out:515 type:P dur:2 cpbdur:2 q:27.18 aq:20.27 tex:67636 mv:29299 misc:2681 imb:2742 pmb:946 smb:4472 d:- ref:0 ;
in:516 out:516 type:P dur:2 cpbdur:2 q:27.21 aq:19.46 tex:70045 mv:30897 misc:2514 imb:2341 pmb:1261 smb:4558 d:- ref:0 ;
in:517 out:517 type:P dur:2 cpbdur:2 q:27.23 aq:17.16 tex:73501 mv:33101 misc:2398 imb:3561 pmb:1054 smb:3545 d:- ref:0 ;
in:518 out:518 type:P dur:2 cpbdur:2 q:27.28 aq:16.86 tex:82040 mv:37763 misc:1989 imb:3818 pmb:1221 smb:3121 d:- ref:0 ;
in:522 out:519 type:P dur:2 cpbdur:2 q:27.32 aq:19.40 tex:82847 mv:37612 misc:1613 imb:3257 pmb:1266 smb:3637 d:- ref:0 ;
in:520 out:520 type:B dur:2 cpbdur:2 q:27.30 aq:18.64 tex:59129 mv:39285 misc:4042 imb:1188 pmb:2368 smb:4604 d:- ref:0 ;
in:519 out:521 type:b dur:2 cpbdur:2 q:27.29 aq:19.39 tex:46336 mv:31574 misc:4434 imb:926 pmb:2274 smb:4960 d:- ref:0 ;
in:521 out:522 type:b dur:2 cpbdur:2 q:27.31 aq:20.68 tex:31861 mv:20785 misc:4618 imb:564 pmb:1831 smb:5765 d:- ref:0 ;
in:523 out:523 type:P dur:2 cpbdur:2 q:27.40 aq:18.47 tex:68096 mv:33018 misc:2430 imb:3939 pmb:1018 smb:3203 d:- ref:0 ;
in:524 out:524 type:P dur:2 cpbdur:2 q:27.44 aq:19.22 tex:82540 mv:34582 misc:1574 imb:3732 pmb:857 smb:3571 d:- ref:0 ;
in:525 out:525 type:I dur:2 cpbdur:2 q:24.09 aq:13.38 tex:111592 mv:71667 misc:381 imb:8160 pmb:0 smb:0 d:- ref:;
in:526 out:526 type:P dur:2 cpbdur:2 q:27.53 aq:20.86 tex:62025 mv:31710 misc:3081 imb:2311 pmb:1434 smb:4415 d:- ref:0 ;
in:527 out:527 type:P dur:2 cpbdur:2 q:27.55 aq:20.70 tex:78603 mv:33055 misc:1742 imb:3531 pmb:809 smb:3820 d:- ref:0 ;
in:528 out:528 type:P dur:2 cpbdur:2 q:27.58 aq:20.83 tex:87132 mv:36454 misc:1566 imb:3313 pmb:992 smb:3855 d:- ref:0 ;
in:529 out:529 type:P dur:2 cpbdur:2 q:27.61 aq:21.20 tex:86650 mv:36262 misc:1872 imb:3207 pmb:1103 smb:3850 d:- ref:0 ;
in:530 out:530 type:P dur:2 cpbdur:2 q:27.63 aq:20.84 tex:82046 mv:33963 misc:2479 imb:2770 pmb:1173 smb:4217 d:- ref:0 ;
in:531 out:531 type:P dur:2 cpbdur:2 q:27.66 aq:22.64 tex:89828 mv:34794 misc:2178 imb:3048 pmb:1123 smb:3989 d:- ref:0 ;
in:532 out:532 type:P dur:2 cpbdur:2 q:27.70 aq:22.47 tex:81628 mv:33895 misc:2077 imb:3185 pmb:1003 smb:3972 d:- ref:0 ;
in:533 out:533 type:P dur:2 cpbdur:2 q:27.73 aq:22.36 tex:79691 mv:36441 misc:1860 imb:3253 pmb:1174 smb:3733 d:- ref:0 ;
in:535 out:534 type:P dur:2 cpbdur:2 q:27.77 aq:20.59 tex:74914 mv:34559 misc:2647 imb:2618 pmb:1261 smb:4281 d:- ref:0 ;
in:534 out:535 type:b dur:2 cpbdur:2 q:27.75 aq:20.89 tex:6973 mv:4108 misc:3583 imb:41 pmb:864 smb:7255 d:- ref:0 ;
in:536 out:536 type:P dur:2 cpbdur:2 q:27.79 aq:20.59 tex:71790 mv:38186 misc:2152 imb:3094 pmb:1329 smb:3737 d:- ref:0 ;
in:538 out:537 type:P dur:2 cpbdur:2 q:27.80 aq:20.80 tex:86707 mv:32620 misc:2121 imb:3370 pmb:845 smb:3945 d:- ref:0 ;
in:537 out:538 type:b dur:2 cpbdur:2 q:27.79 aq:19.89 tex:6749 mv:2863 misc:3332 imb:41 pmb:763 smb:7356 d:- ref:0 ;
in:539 out:539 type:P dur:2 cpbdur:2 q:27.80 aq:21.05 tex:105088 mv:33172 misc:1524 imb:3876 pmb:610 smb:3674 d:- ref:0 ;
in:541 out:540 type:P dur:2 cpbdur:2 q:27.82 aq:19.79 tex:83054 mv:34652 misc:2510 imb:2860 pmb:1224 smb:4076 d:- ref:0 ;
in:540 out:541 type:b dur:2 cpbdur:2 q:27.81 aq:20.42 tex:7470 mv:3559 misc:3739 imb:64 pmb:907 smb:7189 d:- ref:0 ;
in:542 out:542 type:P dur:2 cpbdur:2 q:27.85 aq:18.58 tex:80479 mv:36854 misc:2195 imb:3328 pmb:1221 smb:3611 d:- ref:0 ;
in:546 out:543 type:P dur:2 cpbdur:2 q:27.87 aq:19.86 tex:86245 mv:38647 misc:1980 imb:3012 pmb:1373 smb:3775 d:- ref:0 ;
in:544 out:544 type:B dur:2 cpbdur:2 q:27.86 aq:19.84 tex:55337 mv:40766 misc:3969 imb:1265 pmb:2464 smb:4431 d:- ref:0 ;
in:543 out:545 type:b dur:2 cpbdur:2 q:27.85 aq:20.85 tex:39865 mv:29377 misc:4734 imb:639 pmb:2376 smb:5145 d:- ref:0 ;
in:545 out:546 type:b dur:2 cpbdur:2 q:27.86 aq:20.94 tex:30773 mv:26489 misc:5066 imb:666 pmb:2025 smb:5469 d:- ref:0 ;
in:548 out:547 type:P dur:2 cpbdur:2 q:27.89 aq:19.04 tex:77145 mv:37657 misc:2246 imb:3048 pmb:1255 smb:3857 d:- ref:0 ;
in:547 out:548 type:b dur:2 cpbdur:2 q:27.88 aq:20.54 tex:45110 mv:31359 misc:4715 imb:1048 pmb:2036 smb:5076 d:- ref:0 ;
in:551 out:549 type:P dur:2 cpbdur:2 q:27.93 aq:19.07 tex:86873 mv:38201 misc:2558 imb:2560 pmb:1548 smb:4052 d:- ref:0 ;
in:549 out:550 type:B dur:2 cpbdur:2 q:27.90 aq:19.74 tex:44513 mv:29860 misc:4571 imb:724 pmb:2171 smb:5265 d:- ref:0 ;
in:550 out:551 type:b dur:2 cpbdur:2 q:27.92 aq:19.30 tex:14675 mv:8617 misc:4844 imb:264 pmb:1251 smb:6645 d:- ref:0 ;
in:553 out:552 type:P dur:2 cpbdur:2 q:27.98 aq:18.64 tex:51185 mv:32566 misc:3697 imb:2197 pmb:1819 smb:4144 d:- ref:0 ;
in:552 out:553 type:b dur:2 cpbdur:2 q:27.95 aq:19.76 tex:30113 mv:21159 misc:5144 imb:534 pmb:2012 smb:5614 d:- ref:0 ;
in:555 out:554 type:P dur:2 cpbdur:2 q:28.01 aq:18.68 tex:58159 mv:33403 misc:3662 imb:1998 pmb:1895 smb:4267 d:- ref:0 ;
in:554 out:555 type:b dur:2 cpbdur:2 q:28.00 aq:20.50 tex:29930 mv:21060 misc:5034 imb:547 pmb:1806 smb:5807 d:- ref:0 ;
in:559 out:556 type:P dur:2 cpbdur:2 q:28.06 aq:19.09 tex:77220 mv:37949 misc:1951 imb:3084 pmb:1637 smb:3439 d:- ref:0 ;
in:557 out:557 type:B dur:2 cpbdur:2 q:28.04 aq:18.73 tex:40977 mv:34633 misc:4438 imb:1438 pmb:2081 smb:4641 d:- ref:0 ;
in:556 out:558 type:b dur:2 cpbdur:2 q:28.03 aq:19.43 tex:23470 mv:23488 misc:5290 imb:717 pmb:1851 smb:5592 d:- ref:0 ;
in:558 out:559 type:b dur:2 cpbdur:2 q:28.05 aq:20.10 tex:24768 mv:25380 misc:5132 imb:767 pmb:2071 smb:5322 d:- ref:0 ;
in:563 out:560 type:P dur:2 cpbdur:2 q:28.07 aq:20.55 tex:85339 mv:36939 misc:1602 imb:3368 pmb:1211 smb:3581 d:- ref:0 ;
in:561 out:561 type:B dur:2 cpbdur:2 q:28.06 aq:19.50 tex:39405 mv:31782 misc:4717 imb:1246 pmb:2142 smb:4772 d:- ref:0 ;
in:560 out:562 type:b dur:2 cpbdur:2 q:28.06 aq:20.23 tex:18587 mv:18097 misc:5036 imb:457 pmb:1689 smb:6014 d:- ref:0 ;
in:562 out:563 type:b dur:2 cpbdur:2 q:28.07 aq:20.31 tex:21960 mv:18406 misc:4474 imb:341 pmb:1660 smb:6159 d:- ref:0 ;
in:567 out:564 type:P dur:2 cpbdur:2 q:28.09 aq:21.21 tex:89117 mv:35094 misc:1365 imb:3752 pmb:829 smb:3579 d:- ref:0 ;
in:565 out:565 type:B dur:2 cpbdur:2 q:28.08 aq:19.84 tex:56196 mv:38545 misc:4059 imb:1061 pmb:2580 smb:4519 d:- ref:0 ;
in:564 out:566 type:b dur:2 cpbdur:2 q:28.07 aq:20.41 tex:34739 mv:26074 misc:5123 imb:666 pmb:2380 smb:5114 d:- ref:0 ;
in:566 out:567 type:b dur:2 cpbdur:2 q:28.08 aq:20.66 tex:34647 mv:27586 misc:4791 imb:579 pmb:2182 smb:5399 d:- ref:0 ;
in:568 out:568 type:P dur:2 cpbdur:2 q:28.07 aq:19.61 tex:71994 mv:32850 misc:2868 imb:2619 pmb:1375 smb:4166 d:- ref:0 ;
in:569 out:569 type:I dur:2 cpbdur:2 q:24.95 aq:13.08 tex:104254 mv:62314 misc:376 imb:8160 pmb:0 smb:0 d:- ref:;
in:572 out:570 type:P dur:2 cpbdur:2 q:28.11 aq:20.13 tex:89632 mv:32823 misc:2097 imb:3219 pmb:1027 smb:3914 d:- ref:0 ;
in:570 out:571 type:B dur:2 cpbdur:2 q:28.11 aq:19.80 tex:61971 mv:35984 misc:3829 imb:1276 pmb:2159 smb:4725 d:- ref:0 ;
in:571 out:572 type:b dur:2 cpbdur:2 q:28.11 aq:20.20 tex:40384 mv:22568 misc:4848 imb:423 pmb:2102 smb:5635 d:- ref:0 ;
in:574 out:573 type:P dur:2 cpbdur:2 q:28.14 aq:19.78 tex:77505 mv:32714 misc:2421 imb:3086 pmb:1044 smb:4030 d:- ref:0 ;
in:573 out:574 type:b dur:2 cpbdur:2 q:28.13 aq:20.35 tex:44246 mv:28703 misc:4811 imb:978 pmb:2035 smb:5147 d:- ref:0 ;
in:575 out:575 type:P dur:2 cpbdur:2 q:28.12 aq:20.22 tex:68815 mv:30187 misc:1862 imb:3348 pmb:769 smb:4043 d:- ref:0 ;
in:576 out:576 type:P dur:2 cpbdur:2 q:28.12 aq:22.31 tex:72741 mv:32581 misc:1838 imb:3407 pmb:809 smb:3944 d:- ref:0 ;
in:577 out:577 type:P dur:2 cpbdur:2 q:28.12 aq:22.53 tex:80205 mv:33282 misc:1681 imb:3210 pmb:938 smb:4012 d:- ref:0 ;
in:578 out:578 type:P dur:2 cpbdur:2 q:28.12 aq:23.90 tex:73485 mv:32129 misc:2010 imb:3248 pmb:852 smb:4060 d:- ref:0 ;
in:579 out:579 type:P dur:2 cpbdur:2 q:28.11 aq:23.72 tex:68132 mv:32636 misc:1960 imb:3369 pmb:928 smb:3863 d:- ref:0 ;
in:580 out:580 type:P dur:2 cpbdur:2 q:28.12 aq:23.28 tex:65975 mv:30168 misc:2137 imb:2669 pmb:995 smb:4496 d:- ref:0 ;
in:581 out:581 type:P dur:2 cpbdur:2 q:28.13 aq:22.26 tex:74720 mv:31018 misc:2358 imb:3240 pmb:908 smb:4012 d:- ref:0 ;
in:582 out:582 type:P dur:2 cpbdur:2 q:28.12 aq:21.37 tex:73390 mv:32200 misc:1914 imb:3505 pmb:967 smb:3688 d:- ref:0 ;
in:583 out:583 type:P dur:2 cpbdur:2 q:28.12 aq:22.86 tex:71856 mv:31880 misc:2424 imb:2646 pmb:1212 smb:4302 d:- ref:0 ;
in:584 out:584 type:P dur:2 cpbdur:2 q:28.14 aq:24.55 tex:73532 mv:31074 misc:2330 imb:3146 pmb:877 smb:4137 d:- ref:0 ;
in:585 out:585 type:P dur:2 cpbdur:2 q:28.15 aq:18.97 tex:77969 mv:39823 misc:2000 imb:4322 pmb:1181 smb:2657 d:- ref:0 ;
in:586 out:586 type:P dur:2 cpbdur:2 q:28.15 aq:20.40 tex:84785 mv:36690 misc:2541 imb:3599 pmb:1348 smb:3213 d:- ref:0 ;
in:587 out:587 type:P dur:2 cpbdur:2 q:28.16 aq:24.02 tex:72670 mv:30124 misc:2438 imb:3046 pmb:901 smb:4213 d:- ref:0 ;
in:588 out:588 type:P dur:2 cpbdur:2 q:28.18 aq:22.72 tex:86601 mv:37184 misc:1407 imb:3797 pmb:878 smb:3485 d:- ref:0 ;
in:589 out:589 type:P dur:2 cpbdur:2 q:28.23 aq:23.14 tex:100825 mv:38725 misc:1594 imb:3654 pmb:1015 smb:3491 d:- ref:0 ;
in:590 out:590 type:P dur:2 cpbdur:2 q:28.26 aq:23.31 tex:75338 mv:37186 misc:2316 imb:3014 pmb:1303 smb:3843 d:- ref:0 ;
in:591 out:591 type:P dur:2 cpbdur:2 q:28.28 aq:20.38 tex:87184 mv:38194 misc:1198 imb:4910 pmb:821 smb:2429 d:- ref:0 ;
in:592 out:592 type:P dur:2 cpbdur:2 q:28.30 aq:21.26 tex:90963 mv:38381 misc:1344 imb:4572 pmb:898 smb:2690 d:- ref:0 ;
in:593 out:593 type:P dur:2 cpbdur:2 q:28.33 aq:25.54 tex:85163 mv:32656 misc:1245 imb:3978 pmb:568 smb:3614 d:- ref:0 ;
in:594 out:594 type:I dur:2 cpbdur:2 q:25.18 aq:15.00 tex:115297 mv:78733 misc:322 imb:8160 pmb:0 smb:0 d:- ref:;
in:597 out:595 type:P dur:2 cpbdur:2 q:28.42 aq:25.45 tex:106461 mv:40005 misc:1222 imb:3406 pmb:1230 smb:3524 d:- ref:0 ;
in:595 out:596 type:B dur:2 cpbdur:2 q:28.42 aq:25.65 tex:72672 mv:45162 misc:3390 imb:1450 pmb:2462 smb:4248 d:- ref:0 ;
in:596 out:597 type:b dur:2 cpbdur:2 q:28.42 aq:24.20 tex:49474 mv:33818 misc:4540 imb:1210 pmb:2032 smb:4918 d:- ref:0 ;
in:599 out:598 type:P dur:2 cpbdur:2 q:28.47 aq:23.62 tex:94161 mv:35818 misc:1549 imb:4404 pmb:769 smb:2987 d:- ref:0 ;
in:598 out:599 type:b dur:2 cpbdur:2 q:28.44 aq:24.01 tex:46925 mv:33977 misc:4658 imb:870 pmb:2268 smb:5022 d:- ref:0 ;
in:600 out:600 type:P dur:2 cpbdur:2 q:28.51 aq:23.91 tex:98708 mv:35941 misc:951 imb:4823 pmb:559 smb:2778 d:- ref:0 ;
in:601 out:601 type:P dur:2 cpbdur:2 q:28.55 aq:19.04 tex:110597 mv:42808 misc:1059 imb:5240 pmb:1127 smb:1793 d:- ref:0 ;
in:602 out:602 type:P dur:2 cpbdur:2 q:28.59 aq:21.32 tex:91512 mv:38422 misc:1162 imb:4812 pmb:935 smb:2413 d:- ref:0 ;
in:603 out:603 type:P dur:2 cpbdur:2 q:28.62 aq:20.48 tex:93817 mv:39625 misc:846 imb:4974 pmb:888 smb:2298 d:- ref:0 ;
in:604 out:604 type:P dur:2 cpbdur:2 q:28.65 aq:22.28 tex:93797 mv:37401 misc:1458 imb:3377 pmb:1147 smb:3636 d:- ref:0 ;
in:605 out:605 type:P dur:2 cpbdur:2 q:28.68 aq:21.55 tex:88076 mv:35284 misc:1512 imb:3513 pmb:962 smb:3685 d:- ref:0 ;
in:606 out:606 type:P dur:2 cpbdur:2 q:28.71 aq:21.69 tex:87483 mv:36140 misc:1441 imb:3473 pmb:943 smb:3744 d:- ref:0 ;
in:607 out:607 type:P dur:2 cpbdur:2 q:28.74 aq:22.44 tex:87229 mv:36031 misc:1972 imb:2766 pmb:1317 smb:4077 d:- ref:0 ;
in:608 out:608 type:P dur:2 cpbdur:2 q:28.77 aq:21.85 tex:83063 mv:34264 misc:1521 imb:3609 pmb:936 smb:3615 d:- ref:0 ;
in:609 out:609 type:i dur:2 cpbdur:2 q:25.43 aq:14.02 tex:134123 mv:85725 misc:360 imb:8160 pmb:0 smb:0 d:- ref:;
in:612 out:610 type:P dur:2 cpbdur:2 q:28.86 aq:22.43 tex:88545 mv:39987 misc:1484 imb:3210 pmb:1441 smb:3509 d:- ref:0 ;
in:610 out:611 type:B dur:2 cpbdur:2 q:28.86 aq:18.81 tex:1916 mv:539 misc:1233 imb:0 pmb:337 smb:7823 d:- ref:0 ;
in:611 out:612 type:b dur:2 cpbdur:2 q:28.86 aq:22.91 tex:49406 mv:32959 misc:4491 imb:1145 pmb:2340 smb:4675 d:- ref:0 ;
in:616 out:613 type:P dur:2 cpbdur:2 q:28.93 aq:22.56 tex:83742 mv:39944 misc:1690 imb:3007 pmb:1640 smb:3513 d:- ref:0 ;
in:614 out:614 type:B dur:2 cpbdur:2 q:28.90 aq:21.02 tex:47054 mv:36939 misc:4431 imb:819 pmb:2748 smb:4593 d:- ref:0 ;
in:613 out:615 type:b dur:2 cpbdur:2 q:28.88 aq:21.87 tex:30050 mv:21754 misc:4708 imb:378 pmb:2422 smb:5360 d:- ref:0 ;
in:615 out:616 type:b dur:2 cpbdur:2 q:28.92 aq:23.14 tex:25983 mv:22530 misc:4903 imb:499 pmb:1968 smb:5693 d:- ref:0 ;
in:618 out:617 type:P dur:2 cpbdur:2 q:29.01 aq:22.04 tex:89625 mv:35725 misc:1210 imb:3898 pmb:767 smb:3495 d:- ref:0 ;
in:617 out:618 type:b dur:2 cpbdur:2 q:28.97 aq:21.72 tex:46031 mv:37579 misc:4246 imb:1335 pmb:2236 smb:4589 d:- ref:0 ;
in:619 out:619 type:P dur:2 cpbdur:2 q:29.07 aq:23.06 tex:57306 mv:27419 misc:3547 imb:1645 pmb:1448 smb:5067 d:- ref:0 ;
in:620 out:620 type:P dur:2 cpbdur:2 q:29.10 aq:23.14 tex:80250 mv:35132 misc:1202 imb:3910 pmb:765 smb:3485 d:- ref:0 ;
in:621 out:621 type:I dur:2 cpbdur:2 q:25.70 aq:14.93 tex:89405 mv:61545 misc:322 imb:8160 pmb:0 smb:0 d:- ref:;
in:622 out:622 type:P dur:2 cpbdur:2 q:29.15 aq:23.39 tex:66689 mv:29471 misc:2096 imb:2550 pmb:972 smb:4638 d:- ref:0 ;
in:623 out:623 type:P dur:2 cpbdur:2 q:29.16 aq:24.79 tex:77662 mv:32874 misc:1240 imb:4108 pmb:634 smb:3418 d:- ref:0 ;
in:624 out:624 type:P dur:2 cpbdur:2 q:29.19 aq:22.13 tex:75755 mv:36221 misc:1096 imb:5030 pmb:639 smb:2491 d:- ref:0 ;
in:625 out:625 type:P dur:2 cpbdur:2 q:29.22 aq:23.99 tex:71968 mv:34739 misc:1685 imb:3903 pmb:859 smb:3398 d:- ref:0 ;
in:626 out:626 type:P dur:2 cpbdur:2 q:29.25 aq:25.08 tex:64409 mv:31840 misc:1695 imb:3345 pmb:856 smb:3959 d:- ref:0 ;
in:627 out:627 type:P dur:2 cpbdur:2 q:29.27 aq:25.81 tex:68490 mv:31592 misc:1286 imb:3977 pmb:561 smb:3622 d:- ref:0 ;
in:628 out:628 type:P dur:2 cpbdur:2 q:29.30 aq:25.51 tex:67509 mv:31523 misc:1744 imb:3629 pmb:642 smb:3889 d:- ref:0 ;
in:629 out:629 type:P dur:2 cpbdur:2 q:29.32 aq:25.32 tex:70627 mv:30712 misc:1789 imb:3831 pmb:558 smb:3771 d:- ref:0 ;
in:630 out:630 type:P dur:2 cpbdur:2 q:29.34 aq:24.04 tex:63418 mv:31443 misc:1875 imb:3457 pmb:771 smb:3932 d:- ref:0 ;
in:631 out:631 type:P dur:2 cpbdur:2 q:29.36 aq:25.56 tex:71036 mv:32156 misc:1752 imb:3490 pmb:746 smb:3924 d:- ref:0 ;
in:632 out:632 type:P dur:2 cpbdur:2 q:29.37 aq:22.51 tex:67129 mv:34005 misc:1538 imb:4579 pmb:694 smb:2887 d:- ref:0 ;
in:633 out:633 type:P dur:2 cpbdur:2 q:29.40 aq:21.68 tex:68096 mv:32920 misc:1528 imb:4038 pmb:664 smb:3458 d:- ref:0 ;
in:634 out:634 type:P dur:2 cpbdur:2 q:29.42 aq:22.41 tex:67926 mv:32502 misc:1772 imb:3468 pmb:770 smb:3922 d:- ref:0 ;
in:635 out:635 type:P dur:2 cpbdur:2 q:29.38 aq:24.04 tex:58514 mv:28239 misc:1807 imb:3490 pmb:618 smb:4052 d:- ref:0 ;
in:636 out:636 type:P dur:2 cpbdur:2 q:29.39 aq:24.41 tex:72393 mv:31171 misc:988 imb:4260 pmb:500 smb:3400 d:- ref:0 ;
in:637 out:637 type:P dur:2 cpbdur:2 q:29.40 aq:23.41 tex:84837 mv:35580 misc:855 imb:4570 pmb:664 smb:2926 d:- ref:0 ;
in:638 out:638 type:P dur:2 cpbdur:2 q:29.42 aq:27.06 tex:71507 mv:31530 misc:923 imb:4278 pmb:494 smb:3388 d:- ref:0 ;
in:639 out:639 type:P dur:2 cpbdur:2 q:29.42 aq:26.89 tex:73967 mv:31579 misc:902 imb:4429 pmb:425 smb:3306 d:- ref:0 ;
in:640 out:640 type:P dur:2 cpbdur:2 q:29.41 aq:24.80 tex:80543 mv:35264 misc:1057 imb:4021 pmb:734 smb:3405 d:- ref:0 ;
in:641 out:641 type:P dur:2 cpbdur:2 q:29.43 aq:23.20 tex:70462 mv:32778 misc:1512 imb:3845 pmb:713 smb:3602 d:- ref:0 ;
in:642 out:642 type:P dur:2 cpbdur:2 q:29.45 aq:23.34 tex:73736 mv:35156 misc:1100 imb:3857 pmb:796 smb:3507 d:- ref:0 ;
in:643 out:643 type:P dur:2 cpbdur:2 q:29.45 aq:24.90 tex:78243 mv:37344 misc:1221 imb:3635 pmb:971 smb:3554 d:- ref:0 ;
in:644 out:644 type:P dur:2 cpbdur:2 q:29.47 aq:26.93 tex:70273 mv:33542 misc:1233 imb:4013 pmb:714 smb:3433 d:- ref:0 ;
in:645 out:645 type:P dur:2 cpbdur:2 q:29.49 aq:25.49 tex:73526 mv:33071 misc:891 imb:4440 pmb:483 smb:3237 d:- ref:0 ;
in:646 out:646 type:P dur:2 cpbdur:2 q:29.50 aq:23.66 tex:76894 mv:37984 misc:850 imb:4420 pmb:742 smb:2998 d:- ref:0 ;
in:647 out:647 type:P dur:2 cpbdur:2 q:29.52 aq:25.22 tex:71256 mv:31898 misc:886 imb:4243 pmb:455 smb:3462 d:- ref:0 ;
in:648 out:648 type:P dur:2 cpbdur:2 q:29.54 aq:25.98 tex:70297 mv:33295 misc:896 imb:4216 pmb:557 smb:3387 d:- ref:0 ;
in:649 out:649 type:P dur:2 cpbdur:2 q:29.56 aq:26.31 tex:65826 mv:34845 misc:1121 imb:4000 pmb:732 smb:3428 d:- ref:0 ;
in:650 out:650 type:P dur:2 cpbdur:2 q:29.57 aq:22.18 tex:72546 mv:34236 misc:682 imb:5449 pmb:436 smb:2275 d:- ref:0 ;
in:651 out:651 type:P dur:2 cpbdur:2 q:29.59 aq:26.09 tex:74351 mv:33645 misc:844 imb:4144 pmb:599 smb:3417 d:- ref:0 ;
in:652 out:652 type:P dur:2 cpbdur:2 q:29.61 aq:24.08 tex:79882 mv:34980 misc:1082 imb:4000 pmb:767 smb:3393 d:- ref:0 ;
in:653 out:653 type:P dur:2 cpbdur:2 q:29.63 aq:25.40 tex:70952 mv:31631 misc:1305 imb:4041 pmb:567 smb:3552 d:- ref:0 ;
in:654 out:654 type:P dur:2 cpbdur:2 q:29.64 aq:23.40 tex:71646 mv:33565 misc:1093 imb:4962 pmb:516 smb:2682 d:- ref:0 ;
in:655 out:655 type:P dur:2 cpbdur:2 q:29.66 aq:26.18 tex:79886 mv:34053 misc:1285 imb:4003 pmb:710 smb:3447 d:- ref:0 ;
in:656 out:656 type:P dur:2 cpbdur:2 q:29.68 aq:25.83 tex:59232 mv:34701 misc:1995 imb:3279 pmb:1145 smb:3736 d:- ref:0 ;
in:657 out:657 type:P dur:2 cpbdur:2 q:29.70 aq:25.39 tex:64274 mv:33118 misc:1840 imb:3719 pmb:805 smb:3636 d:- ref:0 ;
in:658 out:658 type:P dur:2 cpbdur:2 q:29.72 aq:26.92 tex:59047 mv:35037 misc:1484 imb:3802 pmb:857 smb:3501 d:- ref:0 ;
in:659 out:659 type:P dur:2 cpbdur:2 q:29.73 aq:21.88 tex:57491 mv:32122 misc:1339 imb:4084 pmb:660 smb:3416 d:- ref:0 ;
in:660 out:660 type:P dur:2 cpbdur:2 q:29.74 aq:20.67 tex:59461 mv:37132 misc:1135 imb:4869 pmb:757 smb:2534 d:- ref:0 ;
in:661 out:661 type:P dur:2 cpbdur:2 q:29.76 aq:23.25 tex:61501 mv:36593 misc:1530 imb:3603 pmb:1021 smb:3536 d:- ref:0 ;
in:662 out:662 type:P dur:2 cpbdur:2 q:29.78 aq:22.57 tex:49477 mv:29362 misc:2025 imb:3516 pmb:748 smb:3896 d:- ref:0 ;
in:663 out:663 type:P dur:2 cpbdur:2 q:29.80 aq:24.78 tex:65733 mv:32225 misc:1034 imb:3992 pmb:604 smb:3564 d:- ref:0 ;
in:664 out:664 type:P dur:2 cpbdur:2 q:29.82 aq:24.84 tex:75174 mv:32800 misc:1434 imb:3738 pmb:717 smb:3705 d:- ref:0 ;
in:665 out:665 type:P dur:2 cpbdur:2 q:29.84 aq:23.68 tex:57004 mv:28573 misc:2367 imb:3027 pmb:803 smb:4330 d:- ref:0 ;
in:666 out:666 type:P dur:2 cpbdur:2 q:29.86 aq:24.06 tex:74000 mv:32055 misc:1265 imb:4021 pmb:609 smb:3530 d:- ref:0 ;
in:667 out:667 type:P dur:2 cpbdur:2 q:29.88 aq:22.78 tex:85797 mv:35339 misc:1240 imb:3803 pmb:833 smb:3524 d:- ref:0 ;
in:668 out:668 type:P dur:2 cpbdur:2 q:29.91 aq:23.94 tex:69494 mv:31818 misc:1248 imb:3690 pmb:728 smb:3742 d:- ref:0 ;
in:669 out:669 type:P dur:2 cpbdur:2 q:29.93 aq:23.99 tex:68370 mv:32485 misc:1233 imb:3713 pmb:713 smb:3734 d:- ref:0 ;
in:670 out:670 type:P dur:2 cpbdur:2 q:29.95 aq:22.70 tex:73684 mv:33518 misc:1558 imb:3216 pmb:1024 smb:3920 d:- ref:0 ;
in:671 out:671 type:P dur:2 cpbdur:2 q:29.97 aq:23.92 tex:64192 mv:31672 misc:2048 imb:3007 pmb:1104 smb:4049 d:- ref:0 ;
in:672 out:672 type:P dur:2 cpbdur:2 q:29.99 aq:21.25 tex:74074 mv:33391 misc:1543 imb:3264 pmb:954 smb:3942 d:- ref:0 ;
in:673 out:673 type:P dur:2 cpbdur:2 q:30.01 aq:20.81 tex:74715 mv:34031 misc:1702 imb:2802 pmb:1143 smb:4215 d:- ref:0 ;
in:674 out:674 type:I dur:2 cpbdur:2 q:26.74 aq:15.23 tex:110494 mv:80268 misc:310 imb:8160 pmb:0 smb:0 d:- ref:;
in:677 out:675 type:P dur:2 cpbdur:2 q:30.08 aq:22.78 tex:91764 mv:34685 misc:1607 imb:2531 pmb:1256 smb:4373 d:- ref:0 ;
in:675 out:676 type:B dur:2 cpbdur:2 q:30.08 aq:20.12 tex:182 mv:138 misc:824 imb:0 pmb:88 smb:8072 d:- ref:0 ;
in:676 out:677 type:b dur:2 cpbdur:2 q:30.08 aq:24.62 tex:22900 mv:22287 misc:4229 imb:510 pmb:1651 smb:5999 d:- ref:0 ;
in:678 out:678 type:P dur:2 cpbdur:2 q:30.13 aq:24.12 tex:71352 mv:28974 misc:1282 imb:3091 pmb:814 smb:4255 d:- ref:0 ;
in:679 out:679 type:P dur:2 cpbdur:2 q:30.15 aq:22.75 tex:67342 mv:31396 misc:1342 imb:3018 pmb:899 smb:4243 d:- ref:0 ;
in:680 out:680 type:P dur:2 cpbdur:2 q:30.16 aq:26.45 tex:65576 mv:30594 misc:2086 imb:1950 pmb:1292 smb:4918 d:- ref:0 ;
in:681 out:681 type:P dur:2 cpbdur:2 q:30.18 aq:25.03 tex:69064 mv:33634 misc:1110 imb:3816 pmb:907 smb:3437 d:- ref:0 ;
in:682 out:682 type:P dur:2 cpbdur:2 q:30.19 aq:21.70 tex:73524 mv:36496 misc:988 imb:4255 pmb:934 smb:2971 d:- ref:0 ;
in:683 out:683 type:P dur:2 cpbdur:2 q:30.20 aq:22.89 tex:59936 mv:29415 misc:2785 imb:1793 pmb:1335 smb:5032 d:- ref:0 ;
in:685 out:684 type:P dur:2 cpbdur:2 q:30.22 aq:21.63 tex:87584 mv:38105 misc:967 imb:3897 pmb:971 smb:3292 d:- ref:0 ;
in:684 out:685 type:b dur:2 cpbdur:2 q:30.21 aq:22.51 tex:37999 mv:23706 misc:4903 imb:1220 pmb:1796 smb:5144 d:- ref:0 ;
in:689 out:686 type:P dur:2 cpbdur:2 q:30.24 aq:22.39 tex:101904 mv:38940 misc:1004 imb:3844 pmb:991 smb:3325 d:- ref:0 ;
in:687 out:687 type:B dur:2 cpbdur:2 q:30.23 aq:22.04 tex:45157 mv:31996 misc:4751 imb:1307 pmb:1965 smb:4888 d:- ref:0 ;
in:686 out:688 type:b dur:2 cpbdur:2 q:30.23 aq:24.71 tex:19910 mv:18710 misc:4572 imb:337 pmb:1713 smb:6110 d:- ref:0 ;
in:688 out:689 type:b dur:2 cpbdur:2 q:30.24 aq:23.97 tex:31168 mv:25365 misc:4355 imb:777 pmb:1717 smb:5666 d:- ref:0 ;
in:693 out:690 type:P dur:2 cpbdur:2 q:30.27 aq:20.87 tex:67655 mv:36844 misc:1821 imb:3341 pmb:1436 smb:3383 d:- ref:0 ;
in:691 out:691 type:B dur:2 cpbdur:2 q:30.26 aq:20.74 tex:40785 mv:35469 misc:4586 imb:1576 pmb:1909 smb:4675 d:- ref:0 ;
in:690 out:692 type:b dur:2 cpbdur:2 q:30.25 aq:21.05 tex:19542 mv:22351 misc:5243 imb:762 pmb:1844 smb:5554 d:- ref:0 ;
in:692 out:693 type:b dur:2 cpbdur:2 q:30.27 aq:21.77 tex:9489 mv:12495 misc:4728 imb:149 pmb:1438 smb:6573 d:- ref:0 ;
in:695 out:694 type:P dur:2 cpbdur:2 q:30.30 aq:20.24 tex:45471 mv:26978 misc:3831 imb:1563 pmb:1525 smb:5072 d:- ref:0 ;
in:694 out:695 type:b dur:2 cpbdur:2 q:30.29 aq:24.05 tex:10711 mv:9258 misc:3463 imb:162 pmb:881 smb:7117 d:- ref:0 ;
in:699 out:696 type:P dur:2 cpbdur:2 q:30.31 aq:20.11 tex:60253 mv:33186 misc:2585 imb:2787 pmb:1416 smb:3957 d:- ref:0 ;
in:697 out:697 type:B dur:2 cpbdur:2 q:30.30 aq:20.53 tex:33463 mv:29229 misc:4916 imb:1059 pmb:1852 smb:5249 d:- ref:0 ;
in:696 out:698 type:b dur:2 cpbdur:2 q:30.30 aq:21.01 tex:14324 mv:13014 misc:4614 imb:171 pmb:1438 smb:6551 d:- ref:0 ;
in:698 out:699 type:b dur:2 cpbdur:2 q:30.31 aq:21.44 tex:20199 mv:22576 misc:5049 imb:878 pmb:1517 smb:5765 d:- ref:0 ;
in:703 out:700 type:P dur:2 cpbdur:2 q:30.30 aq:21.13 tex:61864 mv:33104 misc:2488 imb:3189 pmb:1325 smb:3646 d:- ref:0 ;
in:701 out:701 type:B dur:2 cpbdur:2 q:30.30 aq:21.34 tex:17949 mv:15248 misc:4603 imb:322 pmb:1366 smb:6472 d:- ref:0 ;
in:700 out:702 type:b dur:2 cpbdur:2 q:30.31 aq:23.79 tex:9125 mv:11963 misc:4496 imb:197 pmb:1277 smb:6686 d:- ref:0 ;
in:702 out:703 type:b dur:2 cpbdur:2 q:30.30 aq:23.13 tex:7967 mv:8507 misc:4230 imb:129 pmb:1171 smb:6860 d:- ref:0 ;
in:707 out:704 type:P dur:2 cpbdur:2 q:30.28 aq:20.70 tex:74545 mv:37392 misc:1975 imb:3151 pmb:1382 smb:3627 d:- ref:0 ;
in:705 out:705 type:B dur:2 cpbdur:2 q:30.29 aq:20.67 tex:30821 mv:27961 misc:4802 imb:668 pmb:2096 smb:5396 d:- ref:0 ;
in:704 out:706 type:b dur:2 cpbdur:2 q:30.29 aq:23.02 tex:11227 mv:10839 misc:4230 imb:219 pmb:1024 smb:6917 d:- ref:0 ;
in:706 out:707 type:b dur:2 cpbdur:2 q:30.28 aq:23.80 tex:10426 mv:12120 misc:4406 imb:159 pmb:1238 smb:6763 d:- ref:0 ;
in:711 out:708 type:P dur:2 cpbdur:2 q:30.30 aq:19.94 tex:67060 mv:33733 misc:3599 imb:1932 pmb:1838 smb:4390 d:- ref:0 ;
in:709 out:709 type:B dur:2 cpbdur:2 q:30.29 aq:20.23 tex:22082 mv:20406 misc:5216 imb:324 pmb:1984 smb:5852 d:- ref:0 ;
in:708 out:710 type:b dur:2 cpbdur:2 q:30.29 aq:21.23 tex:14389 mv:11965 misc:4766 imb:152 pmb:1552 smb:6456 d:- ref:0 ;
in:710 out:711 type:b dur:2 cpbdur:2 q:30.30 aq:22.29 tex:9482 mv:11093 misc:4441 imb:169 pmb:1217 smb:6774 d:- ref:0 ;
in:715 out:712 type:P dur:2 cpbdur:2 q:30.31 aq:20.79 tex:65364 mv:35533 misc:1711 imb:2804 pmb:1630 smb:3726 d:- ref:0 w:7,125,0,5,32,0,33,-4 ;
in:713 out:713 type:B dur:2 cpbdur:2 q:30.31 aq:20.08 tex:22369 mv:22603 misc:5276 imb:503 pmb:2025 smb:5632 d:- ref:0 ;
in:712 out:714 type:b dur:2 cpbdur:2 q:30.31 aq:22.15 tex:6731 mv:8743 misc:4230 imb:99 pmb:1154 smb:6907 d:- ref:0 ;
in:714 out:715 type:b dur:2 cpbdur:2 q:30.31 aq:22.14 tex:18455 mv:18098 misc:5055 imb:389 pmb:1687 smb:6084 d:- ref:0 ;
in:717 out:716 type:P dur:2 cpbdur:2 q:30.30 aq:20.54 tex:59954 mv:33966 misc:2592 imb:2467 pmb:1801 smb:3892 d:- ref:0 w:6,63,0,5,32,0,33,-4 ;
in:716 out:717 type:b dur:2 cpbdur:2 q:30.31 aq:23.67 tex:19554 mv:15032 misc:4638 imb:403 pmb:1466 smb:6291 d:- ref:0 ;
in:721 out:718 type:P dur:2 cpbdur:2 q:30.28 aq:18.93 tex:74960 mv:37000 misc:1824 imb:3127 pmb:1431 smb:3602 d:- ref:0 ;
in:719 out:719 type:B dur:2 cpbdur:2 q:30.29 aq:22.22 tex:30910 mv:25744 misc:4402 imb:859 pmb:1634 smb:5667 d:- ref:0 ;
in:718 out:720 type:b dur:2 cpbdur:2 q:30.30 aq:21.92 tex:23745 mv:22306 misc:4757 imb:679 pmb:1634 smb:5847 d:- ref:0 ;
in:720 out:721 type:b dur:2 cpbdur:2 q:30.29 aq:24.82 tex:12616 mv:12506 misc:3854 imb:201 pmb:1238 smb:6721 d:- ref:0 ;
in:725 out:722 type:P dur:2 cpbdur:2 q:30.23 aq:18.56 tex:91337 mv:33175 misc:2464 imb:3105 pmb:1156 smb:3899 d:- ref:0 ;
in:723 out:723 type:B dur:2 cpbdur:2 q:30.26 aq:20.68 tex:32313 mv:25600 misc:5143 imb:615 pmb:2069 smb:5476 d:- ref:0 ;
in:722 out:724 type:b dur:2 cpbdur:2 q:30.27 aq:23.01 tex:20882 mv:15986 misc:4268 imb:326 pmb:1546 smb:6288 d:- ref:0 ;
in:724 out:725 type:b dur:2 cpbdur:2 q:30.24 aq:21.64 tex:22106 mv:19797 misc:4753 imb:573 pmb:1525 smb:6062 d:- ref:0 ;
in:729 out:726 type:P dur:2 cpbdur:2 q:30.19 aq:19.12 tex:47623 mv:30452 misc:3957 imb:1948 pmb:1716 smb:4496 d:- ref:0 ;
in:727 out:727 type:B dur:2 cpbdur:2 q:30.21 aq:20.48 tex:24492 mv:20436 misc:5160 imb:358 pmb:2028 smb:5774 d:- ref:0 ;
in:726 out:728 type:b dur:2 cpbdur:2 q:30.22 aq:21.07 tex:13432 mv:13040 misc:4960 imb:136 pmb:1582 smb:6442 d:- ref:0 ;
in:728 out:729 type:b dur:2 cpbdur:2 q:30.20 aq:22.21 tex:12169 mv:12994 misc:4637 imb:210 pmb:1385 smb:6565 d:- ref:0 ;
in:733 out:730 type:P dur:2 cpbdur:2 q:30.15 aq:18.34 tex:106162 mv:34392 misc:1398 imb:4180 pmb:730 smb:3250 d:- ref:0 ;
in:731 out:731 type:B dur:2 cpbdur:2 q:30.17 aq:20.43 tex:36345 mv:26015 misc:4688 imb:821 pmb:1616 smb:5723 d:- ref:0 ;
in:730 out:732 type:b dur:2 cpbdur:2 q:30.18 aq:21.88 tex:29040 mv:24128 misc:4592 imb:707 pmb:1690 smb:5763 d:- ref:0 ;
in:732 out:733 type:b dur:2 cpbdur:2 q:30.16 aq:22.11 tex:10493 mv:11715 misc:4648 imb:138 pmb:1458 smb:6564 d:- ref:0 ;
in:735 out:734 type:P dur:2 cpbdur:2 q:30.09 aq:19.80 tex:36032 mv:26814 misc:4266 imb:1552 pmb:1698 smb:4910 d:- ref:0 ;
in:734 out:735 type:b dur:2 cpbdur:2 q:30.12 aq:22.51 tex:15765 mv:13206 misc:4909 imb:257 pmb:1515 smb:6388 d:- ref:0 ;
in:736 out:736 type:I dur:2 cpbdur:2 q:27.29 aq:14.97 tex:100407 mv:68004 misc:333 imb:8160 pmb:0 smb:0 d:- ref:;
in:740 out:737 type:P dur:2 cpbdur:2 q:30.08 aq:20.26 tex:85918 mv:39644 misc:2214 imb:2825 pmb:1417 smb:3918 d:- ref:0 ;
in:738 out:738 type:B dur:2 cpbdur:2 q:30.08 aq:20.53 tex:27290 mv:26871 misc:5215 imb:636 pmb:2271 smb:5253 d:- ref:0 ;
in:737 out:739 type:b dur:2 cpbdur:2 q:30.08 aq:21.94 tex:29658 mv:28395 misc:4771 imb:779 pmb:1875 smb:5506 d:- ref:0 ;
in:739 out:740 type:b dur:2 cpbdur:2 q:30.08 aq:22.34 tex:10185 mv:6626 misc:4413 imb:218 pmb:953 smb:6989 d:- ref:0 ;
in:744 out:741 type:P dur:2 cpbdur:2 q:30.03 aq:20.20 tex:72808 mv:36634 misc:1870 imb:3122 pmb:1353 smb:3685 d:- ref:0 ;
in:742 out:742 type:B dur:2 cpbdur:2 q:30.05 aq:21.61 tex:36441 mv:31234 misc:4941 imb:922 pmb:2020 smb:5218 d:- ref:0 ;
in:741 out:743 type:b dur:2 cpbdur:2 q:30.07 aq:22.60 tex:17281 mv:19460 misc:5107 imb:410 pmb:1691 smb:6059 d:- ref:0 ;
in:743 out:744 type:b dur:2 cpbdur:2 q:30.04 aq:22.45 tex:31357 mv:25218 misc:5057 imb:665 pmb:2050 smb:5445 d:- ref:0 ;
in:748 out:745 type:P dur:2 cpbdur:2 q:30.01 aq:20.75 tex:72711 mv:35946 misc:2591 imb:2695 pmb:1438 smb:4027 d:- ref:0 ;
in:746 out:746 type:B dur:2 cpbdur:2 q:30.02 aq:21.04 tex:48969 mv:32747 misc:4812 imb:664 pmb:2517 smb:4979 d:- ref:0 ;
in:745 out:747 type:b dur:2 cpbdur:2 q:30.02 aq:22.77 tex:23638 mv:20830 misc:4972 imb:390 pmb:1823 smb:5947 d:- ref:0 ;
in:747 out:748 type:b dur:2 cpbdur:2 q:30.02 aq:22.59 tex:16314 mv:14559 misc:4831 imb:240 pmb:1600 smb:6320 d:- ref:0 ;
in:751 out:749 type:P dur:2 cpbdur:2 q:30.00 aq:20.51 tex:68607 mv:37305 misc:2664 imb:2534 pmb:1651 smb:3975 d:- ref:0 ;
in:749 out:750 type:B dur:2 cpbdur:2 q:30.01 aq:21.27 tex:33500 mv:26663 misc:5077 imb:580 pmb:2202 smb:5378 d:- ref:0 ;
in:750 out:751 type:b dur:2 cpbdur:2 q:30.01 aq:22.70 tex:23897 mv:18563 misc:4964 imb:498 pmb:1607 smb:6055 d:- ref:0 ;
in:755 out:752 type:P dur:2 cpbdur:2 q:29.98 aq:21.65 tex:82488 mv:33470 misc:1762 imb:3766 pmb:773 smb:3621 d:- ref:0 ;
in:753 out:753 type:B dur:2 cpbdur:2 q:29.99 aq:21.42 tex:38449 mv:35918 misc:4721 imb:924 pmb:2276 smb:4960 d:- ref:0 ;
in:752 out:754 type:b dur:2 cpbdur:2 q:30.00 aq:23.26 tex:20514 mv:16777 misc:4733 imb:288 pmb:1673 smb:6199 d:- ref:0 ;
in:754 out:755 type:b dur:2 cpbdur:2 q:29.99 aq:22.52 tex:39901 mv:36714 misc:4241 imb:1139 pmb:2204 smb:4817 d:- ref:0 ;
in:756 out:756 type:P dur:2 cpbdur:2 q:29.99 aq:21.36 tex:73117 mv:33235 misc:3112 imb:2368 pmb:1438 smb:4354 d:- ref:0 ;
in:758 out:757 type:P dur:2 cpbdur:2 q:29.99 aq:22.16 tex:84211 mv:33351 misc:2310 imb:3179 pmb:1071 smb:3910 d:- ref:0 ;
in:757 out:758 type:b dur:2 cpbdur:2 q:29.99 aq:22.01 tex:18148 mv:10902 misc:5158 imb:465 pmb:1315 smb:6380 d:- ref:0 ;
in:760 out:759 type:P dur:2 cpbdur:2 q:29.97 aq:21.65 tex:70725 mv:34447 misc:2372 imb:3367 pmb:1059 smb:3734 d:- ref:0 ;
in:759 out:760 type:b dur:2 cpbdur:2 q:29.98 aq:22.31 tex:37555 mv:32860 misc:4977 imb:1176 pmb:1930 smb:5054 d:- ref:0 ;
in:762 out:761 type:P dur:2 cpbdur:2 q:30.00 aq:22.72 tex:58735 mv:34709 misc:3284 imb:2130 pmb:1670 smb:4360 d:- ref:0 ;
in:761 out:762 type:b dur:2 cpbdur:2 q:29.99 aq:22.86 tex:17528 mv:18534 misc:5154 imb:330 pmb:1826 smb:6004 d:- ref:0 ;
in:763 out:763 type:I dur:2 cpbdur:2 q:27.15 aq:16.20 tex:94761 mv:65344 misc:319 imb:8160 pmb:0 smb:0 d:- ref:;
in:764 out:764 type:P dur:2 cpbdur:2 q:30.01 aq:21.03 tex:55762 mv:35654 misc:2928 imb:2655 pmb:1415 smb:4090 d:- ref:0 ;
in:765 out:765 type:P dur:2 cpbdur:2 q:30.03 aq:21.07 tex:65885 mv:35257 misc:2810 imb:2471 pmb:1427 smb:4262 d:- ref:0 ;
in:767 out:766 type:P dur:2 cpbdur:2 q:30.05 aq:20.81 tex:71344 mv:37796 misc:1964 imb:3354 pmb:1150 smb:3656 d:- ref:0 ;
in:766 out:767 type:b dur:2 cpbdur:2 q:30.04 aq:22.80 tex:45993 mv:34384 misc:4503 imb:1510 pmb:1793 smb:4857 d:- ref:0 ;
in:771 out:768 type:P dur:2 cpbdur:2 q:30.04 aq:20.47 tex:94700 mv:42764 misc:2080 imb:2965 pmb:1580 smb:3615 d:- ref:0 ;
in:769 out:769 type:B dur:2 cpbdur:2 q:30.04 aq:22.39 tex:44088 mv:39264 misc:4616 imb:1134 pmb:2318 smb:4708 d:- ref:0 ;
in:768 out:770 type:b dur:2 cpbdur:2 q:30.04 aq:23.32 tex:39664 mv:29927 misc:4649 imb:689 pmb:2163 smb:5308 d:- ref:0 ;
in:770 out:771 type:b dur:2 cpbdur:2 q:30.04 aq:23.58 tex:16386 mv:20690 misc:5260 imb:384 pmb:1751 smb:6025 d:- ref:0 ;
in:774 out:772 type:P dur:2 cpbdur:2 q:30.06 aq:20.96 tex:44561 mv:30908 misc:4043 imb:1840 pmb:1816 smb:4504 d:- ref:0 ;
in:772 out:773 type:B dur:2 cpbdur:2 q:30.05 aq:22.80 tex:10078 mv:8360 misc:4266 imb:121 pmb:1185 smb:6854 d:- ref:0 ;
in:773 out:774 type:b dur:2 cpbdur:2 q:30.06 aq:22.93 tex:18548 mv:12185 misc:4947 imb:381 pmb:1297 smb:6482 d:- ref:0 ;
in:778 out:775 type:P dur:2 cpbdur:2 q:30.06 aq:21.37 tex:73452 mv:33800 misc:2316 imb:3230 pmb:1004 smb:3926 d:- ref:0 ;
in:776 out:776 type:B dur:2 cpbdur:2 q:30.06 aq:21.32 tex:39401 mv:36158 misc:4681 imb:1139 pmb:2129 smb:4892 d:- ref:0 ;
in:775 out:777 type:b dur:2 cpbdur:2 q:30.06 aq:23.57 tex:28337 mv:28432 misc:5087 imb:775 pmb:1935 smb:5450 d:- ref:0 ;
in:777 out:778 type:b dur:2 cpbdur:2 q:30.06 aq:23.41 tex:37535 mv:29586 misc:4135 imb:797 pmb:1876 smb:5487 d:- ref:0 ;
in:782 out:779 type:P dur:2 cpbdur:2 q:30.10 aq:20.85 tex:85609 mv:36204 misc:1203 imb:3590 pmb:1077 smb:3493 d:- ref:0 ;
in:780 out:780 type:B dur:2 cpbdur:2 q:30.08 aq:21.09 tex:55383 mv:42231 misc:3810 imb:1329 pmb:2440 smb:4391 d:- ref:0 ;
in:779 out:781 type:b dur:2 cpbdur:2 q:30.07 aq:22.09 tex:29641 mv:27438 misc:4649 imb:832 pmb:1934 smb:5394 d:- ref:0 ;
in:781 out:782 type:b dur:2 cpbdur:2 q:30.09 aq:21.85 tex:28084 mv:24620 misc:4976 imb:821 pmb:1681 smb:5658 d:- ref:0 ;
in:786 out:783 type:P dur:2 cpbdur:2 q:30.12 aq:20.63 tex:74156 mv:37378 misc:2114 imb:2696 pmb:1653 smb:3811 d:- ref:0 ;
in:784 out:784 type:B dur:2 cpbdur:2 q:30.11 aq:21.81 tex:48143 mv:33423 misc:4266 imb:834 pmb:2595 smb:4731 d:- ref:0 ;
in:783 out:785 type:b dur:2 cpbdur:2 q:30.10 aq:22.96 tex:31958 mv:23125 misc:4677 imb:408 pmb:2409 smb:5343 d:- ref:0 ;
in:785 out:786 type:b dur:2 cpbdur:2 q:30.11 aq:23.27 tex:20973 mv:18263 misc:4900 imb:453 pmb:1605 smb:6102 d:- ref:0 ;
in:790 out:787 type:P dur:2 cpbdur:2 q:30.14 aq:20.98 tex:70607 mv:36254 misc:1971 imb:3046 pmb:1371 smb:3743 d:- ref:0 ;
in:788 out:788 type:B dur:2 cpbdur:2 q:30.13 aq:21.50 tex:39501 mv:32621 misc:4662 imb:900 pmb:2336 smb:4924 d:- ref:0 ;
in:787 out:789 type:b dur:2 cpbdur:2 q:30.13 aq:22.56 tex:19165 mv:16396 misc:4991 imb:281 pmb:1697 smb:6182 d:- ref:0 ;
in:789 out:790 type:b dur:2 cpbdur:2 q:30.14 aq:22.89 tex:36359 mv:24577 misc:4888 imb:530 pmb:2065 smb:5565 d:- ref:0 ;
in:794 out:791 type:P dur:2 cpbdur:2 q:30.17 aq:21.29 tex:71060 mv:36167 misc:2221 imb:2851 pmb:1402 smb:3907 d:- ref:0 ;
in:792 out:792 type:B dur:2 cpbdur:2 q:30.16 aq:21.72 tex:38193 mv:27145 misc:4886 imb:588 pmb:2080 smb:5492 d:- ref:0 ;
in:791 out:793 type:b dur:2 cpbdur:2 q:30.15 aq:23.00 tex:19568 mv:17872 misc:5120 imb:361 pmb:1727 smb:6072 d:- ref:0 ;
in:793 out:794 type:b dur:2 cpbdur:2 q:30.16 aq:22.64 tex:15399 mv:15196 misc:4733 imb:295 pmb:1528 smb:6337 d:- ref:0 ;
in:798 out:795 type:P dur:2 cpbdur:2 q:30.20 aq:21.58 tex:57517 mv:34711 misc:2540 imb:2875 pmb:1350 smb:3935 d:- ref:0 ;
in:796 out:796 type:B dur:2 cpbdur:2 q:30.18 aq:21.53 tex:37821 mv:29437 misc:4790 imb:934 pmb:1924 smb:5302 d:- ref:0 ;
in:795 out:797 type:b dur:2 cpbdur:2 q:30.18 aq:23.11 tex:26440 mv:19176 misc:4712 imb:370 pmb:1830 smb:5960 d:- ref:0 ;
in:797 out:798 type:b dur:2 cpbdur:2 q:30.19 aq:23.64 tex:19449 mv:19403 misc:4548 imb:458 pmb:1554 smb:6148 d:- ref:0 ;
in:799 out:799 type:I dur:2 cpbdur:2 q:27.20 aq:14.83 tex:80417 mv:55276 misc:339 imb:8160 pmb:0 smb:0 d:- ref:;
in:803 out:800 type:P dur:2 cpbdur:2 q:30.19 aq:20.45 tex:74726 mv:36312 misc:2074 imb:3207 pmb:1227 smb:3726 d:- ref:0 ;
in:801 out:801 type:B dur:2 cpbdur:2 q:30.19 aq:21.30 tex:45982 mv:36586 misc:4184 imb:1238 pmb:2282 smb:4640 d:- ref:0 ;
in:800 out:802 type:b dur:2 cpbdur:2 q:30.19 aq:23.03 tex:23187 mv:23378 misc:4787 imb:770 pmb:1596 smb:5794 d:- ref:0 ;
in:802 out:803 type:b dur:2 cpbdur:2 q:30.19 aq:22.57 tex:25285 mv:18842 misc:4993 imb:550 pmb:1968 smb:5642 d:- ref:0 ;
in:807 out:804 type:P dur:2 cpbdur:2 q:30.21 aq:20.50 tex:51406 mv:30401 misc:3385 imb:2072 pmb:1544 smb:4544 d:- ref:0 ;
in:805 out:805 type:B dur:2 cpbdur:2 q:30.20 aq:21.72 tex:18711 mv:21481 misc:5144 imb:487 pmb:1859 smb:5814 d:- ref:0 ;
in:804 out:806 type:b dur:2 cpbdur:2 q:30.19 aq:22.91 tex:16861 mv:17006 misc:5061 imb:436 pmb:1519 smb:6205 d:- ref:0 ;
in:806 out:807 type:b dur:2 cpbdur:2 q:30.20 aq:22.94 tex:9544 mv:9937 misc:4191 imb:162 pmb:1150 smb:6848 d:- ref:0 ;
in:811 out:808 type:P dur:2 cpbdur:2 q:30.21 aq:21.67 tex:38807 mv:27995 misc:3358 imb:2582 pmb:1270 smb:4308 d:- ref:0 ;
in:809 out:809 type:B dur:2 cpbdur:2 q:30.21 aq:21.18 tex:13808 mv:14047 misc:4529 imb:274 pmb:1381 smb:6505 d:- ref:0 ;
in:808 out:810 type:b dur:2 cpbdur:2 q:30.21 aq:22.07 tex:9987 mv:9609 misc:4156 imb:197 pmb:1229 smb:6734 d:- ref:0 ;
in:810 out:811 type:b dur:2 cpbdur:2 q:30.21 aq:22.91 tex:10804 mv:10566 misc:4390 imb:216 pmb:1183 smb:6761 d:- ref:0 ;
in:812 out:812 type:P dur:2 cpbdur:2 q:30.20 aq:21.56 tex:23378 mv:17068 misc:3770 imb:1369 pmb:991 smb:5800 d:- ref:0 ;
